==== Building Glad (release) ====
==== Building GLFW (release) ====
Creating ../../../bin-int/Release-linux-x86_64/Glad
Creating ../../../bin/Release-linux-x86_64/Glad
glad.c
Creating bin-int/Release-linux-x86_64/GLFW
Creating bin/Release-linux-x86_64/GLFW
context.c
egl_context.c
Linking Glad
==== Building ImGui (release) ====
Creating ../../bin-int/Release-linux-x86_64/ImGui
Creating ../../bin/Release-linux-x86_64/ImGui
imgui.cpp
glx_context.c
init.c
input.c
linux_joystick.c
monitor.c
null_init.c
null_joystick.c
null_monitor.c
null_window.c
osmesa_context.c
platform.c
posix_module.c
posix_thread.c
posix_time.c
vulkan.c
window.c
x11_init.c
x11_monitor.c
x11_window.c
xkb_unicode.c
Linking GLFW
==== Building Hazel (release) ====
Creating ../bin-int/Release-linux-x86_64/Hazel
Creating ../bin/Release-linux-x86_64/Hazel
hzpch.h
Application.cpp
imgui_demo.cpp
Buffer.cpp
imgui_draw.cpp
imgui_impl_glfw.cpp
imgui_impl_opengl3.cpp
imgui_tables.cpp
ImGuiLayer.cpp
imgui_widgets.cpp
src/Hazel/ImGui/ImGuiLayer.cpp: In member function ‘virtual void Hazel::ImGuiLayer::OnAttach()’:
src/Hazel/ImGui/ImGuiLayer.cpp:44:14: warning: unused variable ‘glfwStatus’ [-Wunused-variable]
   44 |         bool glfwStatus = ImGui_ImplGlfw_InitForOpenGL(window, true);
      |              ^~~~~~~~~~
src/Hazel/ImGui/ImGuiLayer.cpp:46:14: warning: unused variable ‘openglStatus’ [-Wunused-variable]
   46 |         bool openglStatus = ImGui_ImplOpenGL3_Init("#version 130");
      |              ^~~~~~~~~~~~
Linking ImGui
Layer.cpp
LayerStack.cpp
LinuxInput.cpp
LinuxWindow.cpp
Log.cpp
OpenGLBuffer.cpp
OpenGLContext.cpp
OpenGLRendererAPI.cpp
OpenGLShader.cpp
OpenGLTexture.cpp
OpenGLVertexArray.cpp
OrthographicCamera.cpp
OrthographicCameraController.cpp
RenderCommand.cpp
Renderer.cpp
Renderer2D.cpp
RendererAPI.cpp
Shader.cpp
Texture.cpp
VertexArray.cpp
hzpch.cpp
stb_image.cpp
Linking Hazel
==== Building Sandbox (release) ====
Creating ../bin-int/Release-linux-x86_64/Sandbox
Creating ../bin/Release-linux-x86_64/Sandbox
Sandbox2D.cpp
SandboxApp.cpp
Linking Sandbox
