==== Building GLFW (debug) ====
==== Building Glad (debug) ====
==== Building ImGui (debug) ====
==== Building Hazel (debug) ====
==== Building yaml-cpp (debug) ====
==== Building freetype (debug) ====
Creating ../../bin-int/Debug-linux-x86_64/freetype
Creating ../../bin/Debug-linux-x86_64/freetype
autofit.c
Font.cpp
src/Hazel/Renderer/Font.cpp: In lambda function:
src/Hazel/Renderer/Font.cpp:125:99: warning: unused parameter ‘threadNo’ [-Wunused-parameter]
  125 |                         msdf_atlas::Workload([&glyphs = m_Data->Glyphs, &coloringSeed](int i, int threadNo) -> bool {
      |                                                                                               ~~~~^~~~~~~~
bdf.c
cff.c
ftbase.c
src/Hazel/Renderer/Font.cpp: In instantiation of ‘Hazel::Ref<Hazel::Texture2D> Hazel::CreateAndCacheAtlas(const std::string&, float, const std::vector<msdf_atlas::GlyphGeometry>&, const msdf_atlas::FontGeometry&, uint32_t, uint32_t) [with T = unsigned char; S = float; int N = 3; void (* GenFunc)(const msdfgen::BitmapRef<S, N>&, const msdf_atlas::GlyphGeometry&, const msdf_atlas::GeneratorAttributes&) = msdf_atlas::msdfGenerator; Ref<Texture2D> = std::shared_ptr<Texture2D>; std::string = std::__cxx11::basic_string<char>; uint32_t = unsigned int]’:
src/Hazel/Renderer/Font.cpp:141:85:   required from here
  141 |                 m_AtlasTexture = CreateAndCacheAtlas<uint8_t, float, 3, msdf_atlas::msdfGenerator>("Test", (float)emSize, m_Data->Glyphs, m_Data->FontGeometry, width, height);
      |                                  ~~~~~~~~~~~~~~~~~~~~~~~~~~~~~~~~~~~~~~~~~~~~~~~~~~~~~~~~~~~~~~~~~^~~~~~~~~~~~~~~~~~~~~~~~~~~~~~~~~~~~~~~~~~~~~~~~~~~~~~~~~~~~~~~~~~~~~~~~~~~~
src/Hazel/Renderer/Font.cpp:30:70: warning: unused parameter ‘fontName’ [-Wunused-parameter]
   30 |         static Ref<Texture2D> CreateAndCacheAtlas(const std::string& fontName, float fontSize, const std::vector<msdf_atlas::GlyphGeometry>& glyphs,
      |                                                   ~~~~~~~~~~~~~~~~~~~^~~~~~~~
src/Hazel/Renderer/Font.cpp:30:86: warning: unused parameter ‘fontSize’ [-Wunused-parameter]
   30 |         static Ref<Texture2D> CreateAndCacheAtlas(const std::string& fontName, float fontSize, const std::vector<msdf_atlas::GlyphGeometry>& glyphs,
      |                                                                                ~~~~~~^~~~~~~~
src/Hazel/Renderer/Font.cpp:31:49: warning: unused parameter ‘fontGeometry’ [-Wunused-parameter]
   31 |                 const msdf_atlas::FontGeometry& fontGeometry, uint32_t width, uint32_t height)
      |                 ~~~~~~~~~~~~~~~~~~~~~~~~~~~~~~~~^~~~~~~~~~~~
ftbbox.c
ftbdf.c
ftbitmap.c
ftbzip2.c
ftcache.c
ftcid.c
ftdebug.c
ftfstype.c
ftgasp.c
ftglyph.c
ftgxval.c
ftgzip.c
ftinit.c
ftlzw.c
ftmm.c
ftotval.c
ftpatent.c
ftpfr.c
ftstroke.c
ftsynth.c
ftsystem.c
fttype1.c
ftwinfnt.c
pcf.c
pfr.c
psaux.c
pshinter.c
psnames.c
raster.c
sdf.c
sfnt.c
smooth.c
truetype.c
type1.c
type1cid.c
type42.c
winfnt.c
Linking freetype
Renderer2D.cpp
==== Building MigrationShaderToolsSmoke (debug) ====
SceneCamera.cpp
==== Building msdfgen (debug) ====
Creating ../../bin-int/Debug-linux-x86_64/msdfgen
Creating ../../bin/Debug-linux-x86_64/msdfgen
Contour.cpp
EdgeHolder.cpp
Linking Hazel
MSDFErrorCorrection.cpp
Projection.cpp
Scanline.cpp
Shape.cpp
SignedDistance.cpp
Vector2.cpp
contour-combiners.cpp
edge-coloring.cpp
edge-segments.cpp
edge-selectors.cpp
equation-solver.cpp
import-font.cpp
import-svg.cpp
lodepng.cpp
msdf-error-correction.cpp
msdfgen.cpp
rasterization.cpp
render-sdf.cpp
resolve-shape-geometry.cpp
save-bmp.cpp
save-png.cpp
save-tiff.cpp
sdf-error-estimation.cpp
shape-description.cpp
tinyxml2.cpp
Linking msdfgen
==== Building msdf-atlas-gen (debug) ====
Creating ../../bin-int/Debug-linux-x86_64/msdf-atlas-gen
Creating ../../bin/Debug-linux-x86_64/msdf-atlas-gen
Charset.cpp
FontGeometry.cpp
GlyphGeometry.cpp
RectanglePacker.cpp
TightAtlasPacker.cpp
Workload.cpp
bitmap-blit.cpp
charset-parser.cpp
csv-export.cpp
glyph-generators.cpp
image-encode.cpp
json-export.cpp
main.cpp
shadron-preview-generator.cpp
size-selectors.cpp
utf8.cpp
Linking msdf-atlas-gen
==== Building Sandbox (debug) ====
==== Building MigrationRendererSmoke (debug) ====
Linking MigrationRendererSmoke
Sandbox2D.cpp
==== Building MigrationCoreSmoke (debug) ====
CoreSmoke.cpp
SandboxApp.cpp
Linking MigrationCoreSmoke
Linking Sandbox
==== Building MigrationRendererFeaturesSmoke (debug) ====
==== Building MigrationSceneFoundationSmoke (debug) ====
Linking MigrationRendererFeaturesSmoke
Linking MigrationSceneFoundationSmoke
==== Building MigrationFontSmoke (debug) ====
Creating ../../bin-int/Debug-linux-x86_64/MigrationFontSmoke
Creating ../../bin/Debug-linux-x86_64/MigrationFontSmoke
FontSmoke.cpp
Linking MigrationFontSmoke
