[12:14:33] HAZEL: Creating window Migration Font API (1280, 720)
[12:14:33] HAZEL: Initializing GLFW
[12:14:33] HAZEL: OpenGL Info:
[12:14:33] HAZEL:   Vendor: Intel
[12:14:33] HAZEL:   Renderer: Mesa Intel(R) HD Graphics 4000 (IVB GT2)
[12:14:33] HAZEL:   Version: 4.1 (Core Profile) Mesa 26.2.3-arch3.1
Renderer: Mesa Intel(R) HD Graphics 4000 (IVB GT2); Version: 4.1 (Core Profile) Mesa 26.2.3-arch3.1
[12:14:33] HAZEL: Loaded 191 glyphs from font (out of 224)
[12:14:34] HAZEL: Loaded 191 glyphs from font (out of 224)
[12:14:35] HAZEL: Failed to load font: /tmp/hazel-font-é-2236841711/invalid.ttf
[12:14:35] HAZEL: Terminating GLFW
[12:14:35] HAZEL: Creating window Migration Font API (1280, 720)
[12:14:35] HAZEL: Initializing GLFW
[12:14:35] HAZEL: OpenGL Info:
[12:14:35] HAZEL:   Vendor: Intel
[12:14:35] HAZEL:   Renderer: Mesa Intel(R) HD Graphics 4000 (IVB GT2)
[12:14:35] HAZEL:   Version: 4.1 (Core Profile) Mesa 26.2.3-arch3.1
Renderer: Mesa Intel(R) HD Graphics 4000 (IVB GT2); Version: 4.1 (Core Profile) Mesa 26.2.3-arch3.1
[12:14:35] HAZEL: Loaded 191 glyphs from font (out of 224)
[12:14:36] HAZEL: Loaded 191 glyphs from font (out of 224)
[12:14:37] HAZEL: Failed to load font: /tmp/hazel-font-é-2236841711/invalid.ttf
[12:14:37] HAZEL: Terminating GLFW
PASS: target glyphs/metrics/MSDF GPU atlas, UTF-8 font path, invalid/missing diagnostics, shared default/text component and repeated context-bound font shutdown
