Renderer: Mesa Intel(R) HD Graphics 4000 (IVB GT2); Context: 4.1 (Core Profile) Mesa 26.2.3-arch3.1; GLSL 4.10
Sample limits: renderbuffer=8, integer texture=0, color texture=8, depth texture=8
[10:56:50] HAZEL: OpenGLShader::Reflect - fragment pipeline-é.glsl: 0 uniform buffers, 1 sampled images
[10:56:50] HAZEL: OpenGLShader::Reflect - vertex pipeline-é.glsl: 1 uniform buffers, 0 sampled images
[10:56:50] HAZEL:   Camera: size 64, binding 3, members 1
[10:56:50] HAZEL: Shader pipeline-é loaded through GLSL 410 fallback
[10:56:50] HAZEL: Shader creation took 346.12653 ms
[10:56:50] HAZEL: Shader cache hit: assets/cache/shader/opengl/c139327666560714.cached_vulkan.fragment
[10:56:50] HAZEL: OpenGLShader::Reflect - fragment pipeline-é.glsl: 0 uniform buffers, 1 sampled images
[10:56:50] HAZEL: Shader cache hit: assets/cache/shader/opengl/f14fdad96c68fcd7.cached_vulkan.vertex
[10:56:50] HAZEL: OpenGLShader::Reflect - vertex pipeline-é.glsl: 1 uniform buffers, 0 sampled images
[10:56:50] HAZEL:   Camera: size 64, binding 3, members 1
[10:56:50] HAZEL: Shader cache hit: assets/cache/shader/opengl/f14fdad96c68fcd7.cached_opengl.vertex
[10:56:50] HAZEL: Shader cache hit: assets/cache/shader/opengl/c139327666560714.cached_opengl.fragment
[10:56:50] HAZEL: Shader pipeline-é loaded through GLSL 410 fallback
[10:56:50] HAZEL: Shader creation took 1.6970402 ms
Hardware integer MSAA unavailable; verified explicit rejection and retained single-sample picking
Readback samples=1: 128,64,192,255; entity=73
[10:56:50] HAZEL: Attempted to resize framebuffer to 0, 0
PASS: four-sample color/depth framebuffer and resolved color readback
[10:56:50] HAZEL: OpenGLShader::Reflect - fragment pipeline-é.glsl: 0 uniform buffers, 1 sampled images
[10:56:50] HAZEL: Shader cache hit: assets/cache/shader/opengl/f14fdad96c68fcd7.cached_vulkan.vertex
[10:56:50] HAZEL: OpenGLShader::Reflect - vertex pipeline-é.glsl: 1 uniform buffers, 0 sampled images
[10:56:50] HAZEL:   Camera: size 64, binding 3, members 1
[10:56:50] HAZEL: Shader cache hit: assets/cache/shader/opengl/f14fdad96c68fcd7.cached_opengl.vertex
[10:56:50] HAZEL: Shader pipeline-é loaded through GLSL 410 fallback
[10:56:50] HAZEL: Shader creation took 332.55716 ms
[10:56:50] HAZEL: OpenGLShader::Reflect - fragment pipeline-é.glsl: 0 uniform buffers, 1 sampled images
[10:56:50] HAZEL: OpenGLShader::Reflect - vertex pipeline-é.glsl: 1 uniform buffers, 0 sampled images
[10:56:50] HAZEL:   Camera: size 64, binding 3, members 1
[10:56:50] HAZEL: Shader pipeline-é loaded through GLSL 410 fallback
[10:56:50] HAZEL: Shader creation took 314.77975 ms
[10:56:51] HAZEL: Shader compilation failed (bad): bad:2: error: '' :  syntax error, unexpected IDENTIFIER

PASS: real-context texture formats/mips/UTF-8/alignment/state, reflected shader bindings, cold/warm/changed/corrupt caches, framebuffer color/entity readback, full clear, resize, depth-only and MSAA resolve
