[12:14:26] HAZEL: Creating window Migration Font API (1280, 720)
[12:14:26] HAZEL: Initializing GLFW
[12:14:26] HAZEL: OpenGL Info:
[12:14:26] HAZEL:   Vendor: Intel
[12:14:26] HAZEL:   Renderer: Mesa Intel(R) HD Graphics 4000 (IVB GT2)
[12:14:26] HAZEL:   Version: 4.2 (Core Profile) Mesa 26.2.3-arch3.1
Renderer: Mesa Intel(R) HD Graphics 4000 (IVB GT2); Version: 4.2 (Core Profile) Mesa 26.2.3-arch3.1
[12:14:26] HAZEL: Loaded 191 glyphs from font (out of 224)
[12:14:27] HAZEL: Loaded 191 glyphs from font (out of 224)
[12:14:28] HAZEL: Failed to load font: /tmp/hazel-font-é-673919641/invalid.ttf
[12:14:28] HAZEL: Terminating GLFW
[12:14:28] HAZEL: Creating window Migration Font API (1280, 720)
[12:14:28] HAZEL: Initializing GLFW
[12:14:28] HAZEL: OpenGL Info:
[12:14:28] HAZEL:   Vendor: Intel
[12:14:28] HAZEL:   Renderer: Mesa Intel(R) HD Graphics 4000 (IVB GT2)
[12:14:28] HAZEL:   Version: 4.2 (Core Profile) Mesa 26.2.3-arch3.1
Renderer: Mesa Intel(R) HD Graphics 4000 (IVB GT2); Version: 4.2 (Core Profile) Mesa 26.2.3-arch3.1
[12:14:28] HAZEL: Loaded 191 glyphs from font (out of 224)
[12:14:29] HAZEL: Loaded 191 glyphs from font (out of 224)
[12:14:30] HAZEL: Failed to load font: /tmp/hazel-font-é-673919641/invalid.ttf
[12:14:30] HAZEL: Terminating GLFW
PASS: target glyphs/metrics/MSDF GPU atlas, UTF-8 font path, invalid/missing diagnostics, shared default/text component and repeated context-bound font shutdown
