[12:07:42] HAZEL: Creating window Migration Font API (1280, 720)
[12:07:42] HAZEL: Initializing GLFW
[12:07:42] HAZEL: OpenGL Info:
[12:07:42] HAZEL:   Vendor: Intel
[12:07:42] HAZEL:   Renderer: Mesa Intel(R) HD Graphics 4000 (IVB GT2)
[12:07:42] HAZEL:   Version: 4.1 (Core Profile) Mesa 26.2.3-arch3.1
Renderer: Mesa Intel(R) HD Graphics 4000 (IVB GT2); Version: 4.1 (Core Profile) Mesa 26.2.3-arch3.1
[12:07:42] HAZEL: Loaded 191 glyphs from font (out of 224)
[12:07:44] HAZEL: Loaded 191 glyphs from font (out of 224)
[12:07:45] HAZEL: Failed to load font: /tmp/hazel-font-é-2872281261/invalid.ttf
[12:07:45] HAZEL: Terminating GLFW
[12:07:45] HAZEL: Creating window Migration Font API (1280, 720)
[12:07:45] HAZEL: Initializing GLFW
[12:07:45] HAZEL: OpenGL Info:
[12:07:45] HAZEL:   Vendor: Intel
[12:07:45] HAZEL:   Renderer: Mesa Intel(R) HD Graphics 4000 (IVB GT2)
[12:07:45] HAZEL:   Version: 4.1 (Core Profile) Mesa 26.2.3-arch3.1
Renderer: Mesa Intel(R) HD Graphics 4000 (IVB GT2); Version: 4.1 (Core Profile) Mesa 26.2.3-arch3.1
[12:07:45] HAZEL: Loaded 191 glyphs from font (out of 224)
[12:07:47] HAZEL: Loaded 191 glyphs from font (out of 224)
[12:07:49] HAZEL: Failed to load font: /tmp/hazel-font-é-2872281261/invalid.ttf
[12:07:49] HAZEL: Terminating GLFW
PASS: target glyphs/metrics/MSDF GPU atlas, UTF-8 font path, invalid/missing diagnostics, shared default/text component and repeated context-bound font shutdown
