Context: 4.2 (Core Profile) Mesa 26.2.3-arch3.1; GLSL 4.20
Sample limits: renderbuffer=8, integer texture=0, color texture=8, depth texture=8
Integer renderbuffer MSAA probe: error=1282, samples=0
[09:54:57] HAZEL: OpenGLShader::Reflect - fragment pipeline-é.glsl: 0 uniform buffers, 1 sampled images
[09:54:57] HAZEL: OpenGLShader::Reflect - vertex pipeline-é.glsl: 1 uniform buffers, 0 sampled images
[09:54:57] HAZEL:   Camera: size 64, binding 3, members 1
[09:54:58] HAZEL: Shader pipeline-é loaded through GLSL 410 fallback
[09:54:58] HAZEL: Shader creation took 2423.8135 ms
[09:54:58] HAZEL: Shader cache hit: assets/cache/shader/opengl/c139327666560714.cached_vulkan.fragment
[09:54:58] HAZEL: OpenGLShader::Reflect - fragment pipeline-é.glsl: 0 uniform buffers, 1 sampled images
[09:54:58] HAZEL: Shader cache hit: assets/cache/shader/opengl/f14fdad96c68fcd7.cached_vulkan.vertex
[09:54:58] HAZEL: OpenGLShader::Reflect - vertex pipeline-é.glsl: 1 uniform buffers, 0 sampled images
[09:54:58] HAZEL:   Camera: size 64, binding 3, members 1
[09:54:58] HAZEL: Shader cache hit: assets/cache/shader/opengl/f14fdad96c68fcd7.cached_opengl.vertex
[09:54:58] HAZEL: Shader cache hit: assets/cache/shader/opengl/c139327666560714.cached_opengl.fragment
[09:54:58] HAZEL: Shader pipeline-é loaded through GLSL 410 fallback
[09:54:58] HAZEL: Shader creation took 4.1265388 ms
Readback samples=1: 128,64,192,255; entity=73
[09:54:58] HAZEL: Attempted to resize framebuffer to 0, 0
FAIL: Framebuffer specification exceeds hardware limits
