==== Building GLFW (debug) ====
==== Building Glad (debug) ====
==== Building ImGui (debug) ====
==== Building Hazel (debug) ====
Math.cpp
OpenGLContext.cpp
OpenGLRendererAPI.cpp
OpenGLShader.cpp
OpenGLTexture.cpp
OpenGLUniformBuffer.cpp
OpenGLVertexArray.cpp
OrthographicCamera.cpp
OrthographicCameraController.cpp
RenderCommand.cpp
Renderer.cpp
Renderer2D.cpp
RendererAPI.cpp
Shader.cpp
Texture.cpp
UUID.cpp
UniformBuffer.cpp
VertexArray.cpp
hzpch.cpp
stb_image.cpp
In file included from vendor/stb_image/stb_image.h:652,
                 from vendor/stb_image/stb_image.cpp:4:
In function ‘__m128i _mm_slli_si128(__m128i, int)’,
    inlined from ‘stbi_uc* stbi__resample_row_hv_2_simd(stbi_uc*, stbi_uc*, stbi_uc*, int, int)’ at vendor/stb_image/stb_image.h:3359:32:
/usr/lib/gcc/x86_64-pc-linux-gnu/16/include/emmintrin.h:1236:10: error: the last argument must be an 8-bit immediate
 1236 |   return (__m128i)__builtin_ia32_pslldqi128 (__A, __N * 8);
      |          ^~~~~~~~~~~~~~~~~~~~~~~~~~~~~~~~~~~~~~~~~~~~~~~~~
In function ‘__m128i _mm_srli_si128(__m128i, int)’,
    inlined from ‘stbi_uc* stbi__resample_row_hv_2_simd(stbi_uc*, stbi_uc*, stbi_uc*, int, int)’ at vendor/stb_image/stb_image.h:3360:32:
/usr/lib/gcc/x86_64-pc-linux-gnu/16/include/emmintrin.h:1230:10: error: the last argument must be an 8-bit immediate
 1230 |   return (__m128i)__builtin_ia32_psrldqi128 (__A, __N * 8);
      |          ^~~~~~~~~~~~~~~~~~~~~~~~~~~~~~~~~~~~~~~~~~~~~~~~~
make[1]: *** [Makefile:315: ../bin-int/Debug-linux-x86_64/Hazel/stb_image.o] Error 1
make[1]: *** Waiting for unfinished jobs....
make: *** [Makefile:65: Hazel] Error 2
