==== Building Glad (debug) ====
==== Building GLFW (debug) ====
==== Building ImGui (debug) ====
==== Building Hazel (debug) ====
hzpch.h
Buffer.cpp
Application.cpp
EditorCamera.cpp
FileSystem.cpp
GraphicsContext.cpp
ImGuiLayer.cpp
Layer.cpp
LayerStack.cpp
LinuxInput.cpp
LinuxPlatformUtils.cpp
LinuxWindow.cpp
Log.cpp
Math.cpp
src/Hazel/Math/Math.cpp: In function ‘bool Hazel::Math::DecomposeTransform(const glm::mat4&, glm::vec3&, glm::vec3&, glm::vec3&)’:
src/Hazel/Math/Math.cpp:40:30: warning: unused variable ‘Pdum3’ [-Wunused-variable]
   40 |                 vec3 Row[3], Pdum3;
      |                              ^~~~~
OpenGLBuffer.cpp
OpenGLContext.cpp
OpenGLRendererAPI.cpp
OpenGLShader.cpp
OpenGLTexture.cpp
OpenGLUniformBuffer.cpp
OpenGLVertexArray.cpp
OrthographicCamera.cpp
OrthographicCameraController.cpp
RenderCommand.cpp
Renderer.cpp
Renderer2D.cpp
RendererAPI.cpp
Shader.cpp
Texture.cpp
UUID.cpp
UniformBuffer.cpp
VertexArray.cpp
hzpch.cpp
stb_image.cpp
Linking Hazel
==== Building Sandbox (debug) ====
==== Building MigrationRendererSmoke (debug) ====
RendererSmoke.cpp
Sandbox2D.cpp
SandboxApp.cpp
Linking MigrationRendererSmoke
==== Building MigrationCoreSmoke (debug) ====
Creating ../../bin-int/Debug-linux-x86_64/MigrationCoreSmoke
Creating ../../bin/Debug-linux-x86_64/MigrationCoreSmoke
CoreSmoke.cpp
In file included from ../../tests/migration/CoreSmoke.cpp:6:
../../Hazel/src/Hazel/Core/Timer.h:16:22: error: extra qualification ‘Hazel::Timer::’ on member ‘Reset’ [-fpermissive]
   16 |                 void Timer::Reset()
      |                      ^~~~~
../../Hazel/src/Hazel/Core/Timer.h:21:23: error: extra qualification ‘Hazel::Timer::’ on member ‘Elapsed’ [-fpermissive]
   21 |                 float Timer::Elapsed()
      |                       ^~~~~
../../Hazel/src/Hazel/Core/Timer.h:26:23: error: extra qualification ‘Hazel::Timer::’ on member ‘ElapsedMillis’ [-fpermissive]
   26 |                 float Timer::ElapsedMillis()
      |                       ^~~~~
../../tests/migration/CoreSmoke.cpp: In function ‘void CheckCore()’:
../../tests/migration/CoreSmoke.cpp:52:5: error: ‘KeyPressedEvent’ was not declared in this scope
   52 |     KeyPressedEvent event(Key::A,true); event.Handled=true;
      |     ^~~~~~~~~~~~~~~
../../tests/migration/CoreSmoke.cpp:52:41: error: ‘event’ was not declared in this scope
   52 |     KeyPressedEvent event(Key::A,true); event.Handled=true;
      |                                         ^~~~~
../../tests/migration/CoreSmoke.cpp:53:76: error: no matching function for call to ‘Hazel::EventDispatcher::Dispatch<KeyPressedEvent>(CheckCore()::<lambda(auto:2&)>)’
   53 |     EventDispatcher dispatcher(event); dispatcher.Dispatch<KeyPressedEvent>([](auto&){return false;});
      |                                        ~~~~~~~~~~~~~~~~~~~~~~~~~~~~~~~~~~~~^~~~~~~~~~~~~~~~~~~~~~~~~~
  • there is 1 candidate
In file included from ../../Hazel/src/Hazel/Core/Window.h:4,
                 from ../../Hazel/src/Hazel/Core/Application.h:11,
                 from ../../Hazel/src/Hazel.h:7,
                 from ../../tests/migration/CoreSmoke.cpp:1:
    • candidate 1: ‘template<class T, class F> bool Hazel::EventDispatcher::Dispatch(const F&)’
      ../../Hazel/src/Hazel/Events/Event.h:58:14:
         58 |         bool Dispatch(const F& func)
            |              ^~~~~~~~
      • template argument deduction/substitution failed:
../../tests/migration/CoreSmoke.cpp:55:11: error: ‘KeyTypedEvent’ was not declared in this scope
   55 |     Check(KeyTypedEvent(0x1f680).GetKeyCode()==0x1f680,"Unicode codepoint truncated");
      |           ^~~~~~~~~~~~~
make[1]: *** [Makefile:155: ../../bin-int/Debug-linux-x86_64/MigrationCoreSmoke/CoreSmoke.o] Error 1
make: *** [Makefile:77: MigrationCoreSmoke] Error 2
make: *** Waiting for unfinished jobs....
Linking Sandbox
