==== Building Glad (debug) ====
==== Building GLFW (debug) ====
==== Building ImGui (debug) ====
==== Building Hazel (debug) ====
==== Building MigrationShaderToolsSmoke (debug) ====
hzpch.h
Application.cpp
Buffer.cpp
EditorCamera.cpp
FileSystem.cpp
Framebuffer.cpp
GraphicsContext.cpp
ImGuiLayer.cpp
Layer.cpp
LayerStack.cpp
LinuxInput.cpp
LinuxPlatformUtils.cpp
LinuxWindow.cpp
Log.cpp
Math.cpp
OpenGLBuffer.cpp
OpenGLContext.cpp
OpenGLFramebuffer.cpp
OpenGLRendererAPI.cpp
OpenGLShader.cpp
OpenGLTexture.cpp
OpenGLUniformBuffer.cpp
OpenGLVertexArray.cpp
OrthographicCamera.cpp
OrthographicCameraController.cpp
RenderCommand.cpp
Renderer.cpp
Renderer2D.cpp
RendererAPI.cpp
Shader.cpp
Texture.cpp
UUID.cpp
UniformBuffer.cpp
VertexArray.cpp
hzpch.cpp
stb_image.cpp
Linking Hazel
==== Building Sandbox (debug) ====
==== Building MigrationRendererSmoke (debug) ====
Sandbox2D.cpp
RendererSmoke.cpp
Linking MigrationRendererSmoke
SandboxApp.cpp
==== Building MigrationCoreSmoke (debug) ====
CoreSmoke.cpp
Linking Sandbox
==== Building MigrationRendererFeaturesSmoke (debug) ====
Creating ../../bin-int/Debug-linux-x86_64/MigrationRendererFeaturesSmoke
Creating ../../bin/Debug-linux-x86_64/MigrationRendererFeaturesSmoke
RendererFeaturesSmoke.cpp
Linking MigrationCoreSmoke
Linking MigrationRendererFeaturesSmoke
