==== Building GLFW (release) ====
==== Building Glad (release) ====
==== Building ImGui (release) ====
==== Building Hazel (release) ====
==== Building yaml-cpp (release) ====
Creating ../../bin-int/Release-linux-x86_64/yaml-cpp
Creating ../../bin/Release-linux-x86_64/yaml-cpp
binary.cpp
SceneCamera.cpp
convert.cpp
depthguard.cpp
directives.cpp
emit.cpp
emitfromevents.cpp
emitter.cpp
emitterstate.cpp
emitterutils.cpp
exceptions.cpp
exp.cpp
graphbuilder.cpp
Linking Hazel
graphbuilderadapter.cpp
==== Building MigrationShaderToolsSmoke (release) ====
memory.cpp
node.cpp
node_data.cpp
nodebuilder.cpp
nodeevents.cpp
null.cpp
ostream_wrapper.cpp
parse.cpp
parser.cpp
regex_yaml.cpp
scanner.cpp
scanscalar.cpp
scantag.cpp
scantoken.cpp
simplekey.cpp
singledocparser.cpp
stream.cpp
tag.cpp
Linking yaml-cpp
==== Building MigrationRendererSmoke (release) ====
==== Building Sandbox (release) ====
Sandbox2D.cpp
Linking MigrationRendererSmoke
==== Building MigrationCoreSmoke (release) ====
CoreSmoke.cpp
SandboxApp.cpp
Linking MigrationCoreSmoke
==== Building MigrationRendererFeaturesSmoke (release) ====
Linking MigrationRendererFeaturesSmoke
==== Building MigrationSceneFoundationSmoke (release) ====
Creating ../../bin-int/Release-linux-x86_64/MigrationSceneFoundationSmoke
Creating ../../bin/Release-linux-x86_64/MigrationSceneFoundationSmoke
SceneFoundationSmoke.cpp
Linking Sandbox
Linking MigrationSceneFoundationSmoke
