[12:07:31] HAZEL: Creating window Migration Font API (1280, 720)
[12:07:31] HAZEL: Initializing GLFW
[12:07:32] HAZEL: OpenGL Info:
[12:07:32] HAZEL:   Vendor: Intel
[12:07:32] HAZEL:   Renderer: Mesa Intel(R) HD Graphics 4000 (IVB GT2)
[12:07:32] HAZEL:   Version: 4.2 (Core Profile) Mesa 26.2.3-arch3.1
Renderer: Mesa Intel(R) HD Graphics 4000 (IVB GT2); Version: 4.2 (Core Profile) Mesa 26.2.3-arch3.1
[12:07:32] HAZEL: Loaded 191 glyphs from font (out of 224)
[12:07:34] HAZEL: Loaded 191 glyphs from font (out of 224)
[12:07:35] HAZEL: Failed to load font: /tmp/hazel-font-é-190117956/invalid.ttf
[12:07:35] HAZEL: Terminating GLFW
[12:07:35] HAZEL: Creating window Migration Font API (1280, 720)
[12:07:35] HAZEL: Initializing GLFW
[12:07:35] HAZEL: OpenGL Info:
[12:07:35] HAZEL:   Vendor: Intel
[12:07:35] HAZEL:   Renderer: Mesa Intel(R) HD Graphics 4000 (IVB GT2)
[12:07:35] HAZEL:   Version: 4.2 (Core Profile) Mesa 26.2.3-arch3.1
Renderer: Mesa Intel(R) HD Graphics 4000 (IVB GT2); Version: 4.2 (Core Profile) Mesa 26.2.3-arch3.1
[12:07:35] HAZEL: Loaded 191 glyphs from font (out of 224)
[12:07:37] HAZEL: Loaded 191 glyphs from font (out of 224)
[12:07:39] HAZEL: Failed to load font: /tmp/hazel-font-é-190117956/invalid.ttf
[12:07:39] HAZEL: Terminating GLFW
PASS: target glyphs/metrics/MSDF GPU atlas, UTF-8 font path, invalid/missing diagnostics, shared default/text component and repeated context-bound font shutdown
