==== Building GLFW (debug) ====
==== Building Glad (debug) ====
==== Building ImGui (debug) ====
==== Building Hazel (debug) ====
hzpch.h
Buffer.cpp
Application.cpp
EditorCamera.cpp
FileSystem.cpp
GraphicsContext.cpp
ImGuiLayer.cpp
Layer.cpp
LayerStack.cpp
LinuxInput.cpp
LinuxPlatformUtils.cpp
LinuxWindow.cpp
Log.cpp
Math.cpp
src/Hazel/Math/Math.cpp: In function ‘bool Hazel::Math::DecomposeTransform(const glm::mat4&, glm::vec3&, glm::vec3&, glm::vec3&)’:
src/Hazel/Math/Math.cpp:49:34: error: ‘scale’ is not a member of ‘Hazel::detail’
   49 |                 Row[0] = detail::scale(Row[0], static_cast<T>(1));
      |                                  ^~~~~
src/Hazel/Math/Math.cpp:49:34: note: suggested alternatives:
In file included from vendor/glm/glm/gtx/../gtx/transform.hpp:58,
                 from vendor/glm/glm/gtx/matrix_decompose.inl:5,
                 from vendor/glm/glm/gtx/matrix_decompose.hpp:50,
                 from src/Hazel/Math/Math.cpp:8:
vendor/glm/glm/gtx/../gtx/transform.inl:18:44: note:   ‘glm::scale’
   18 |         GLM_FUNC_QUALIFIER mat<4, 4, T, Q> scale(vec<3, T, Q> const& v)
      |                                            ^~~~~
vendor/glm/glm/gtx/matrix_decompose.inl:22:41: note:   ‘glm::detail::scale’
   22 |         GLM_FUNC_QUALIFIER vec<3, T, Q> scale(vec<3, T, Q> const& v, T desiredLength)
      |                                         ^~~~~
src/Hazel/Math/Math.cpp:51:34: error: ‘scale’ is not a member of ‘Hazel::detail’
   51 |                 Row[1] = detail::scale(Row[1], static_cast<T>(1));
      |                                  ^~~~~
src/Hazel/Math/Math.cpp:51:34: note: suggested alternatives:
vendor/glm/glm/gtx/../gtx/transform.inl:18:44: note:   ‘glm::scale’
   18 |         GLM_FUNC_QUALIFIER mat<4, 4, T, Q> scale(vec<3, T, Q> const& v)
      |                                            ^~~~~
vendor/glm/glm/gtx/matrix_decompose.inl:22:41: note:   ‘glm::detail::scale’
   22 |         GLM_FUNC_QUALIFIER vec<3, T, Q> scale(vec<3, T, Q> const& v, T desiredLength)
      |                                         ^~~~~
src/Hazel/Math/Math.cpp:53:34: error: ‘scale’ is not a member of ‘Hazel::detail’
   53 |                 Row[2] = detail::scale(Row[2], static_cast<T>(1));
      |                                  ^~~~~
src/Hazel/Math/Math.cpp:53:34: note: suggested alternatives:
vendor/glm/glm/gtx/../gtx/transform.inl:18:44: note:   ‘glm::scale’
   18 |         GLM_FUNC_QUALIFIER mat<4, 4, T, Q> scale(vec<3, T, Q> const& v)
      |                                            ^~~~~
vendor/glm/glm/gtx/matrix_decompose.inl:22:41: note:   ‘glm::detail::scale’
   22 |         GLM_FUNC_QUALIFIER vec<3, T, Q> scale(vec<3, T, Q> const& v, T desiredLength)
      |                                         ^~~~~
OpenGLBuffer.cpp
make[1]: *** [Makefile:240: ../bin-int/Debug-linux-x86_64/Hazel/Math.o] Error 1
make[1]: *** Waiting for unfinished jobs....
make: *** [Makefile:65: Hazel] Error 2
