+ /tmp/cmake-3.31.6-linux-x86_64/bin/cmake -S /home/caelestia/Projects/Hazel/build/dependencies/sources/shaderc -B /home/caelestia/Projects/Hazel/build/dependencies/cmake/Debug-linux-x86_64/shaderc -G Unix Makefiles -DCMAKE_BUILD_TYPE=Debug -DCMAKE_POSITION_INDEPENDENT_CODE=ON -DCMAKE_MSVC_RUNTIME_LIBRARY=MultiThreaded$<$<CONFIG:Debug>:Debug>DLL -DCMAKE_PROJECT_shaderc_INCLUDE=/home/caelestia/Projects/Hazel/scripts/dependencies/shaderc-compat.cmake -DSHADERC_SKIP_TESTS=ON -DSHADERC_SKIP_EXAMPLES=ON -DSHADERC_SKIP_COPYRIGHT_CHECK=ON -DSHADERC_SKIP_INSTALL=ON -DSHADERC_ENABLE_WERROR_COMPILE=OFF -DSHADERC_ENABLE_SHARED_CRT=ON -DSPIRV_SKIP_EXECUTABLES=ON -DENABLE_GLSLANG_BINARIES=OFF -DENABLE_GLSLANG_JS=OFF -DBUILD_TESTING=OFF
-- Shaderc: build type is "Debug".
-- Configuring Shaderc to avoid building tests.
-- Configuring Shaderc to avoid building examples.
-- Configuring Shaderc to avoid checking copyrights.
-- asciidoctor was not found - no documentation will be generated
CMake Warning (dev) at cmake/setup_build.cmake:52 (find_package):
  Policy CMP0148 is not set: The FindPythonInterp and FindPythonLibs modules
  are removed.  Run "cmake --help-policy CMP0148" for policy details.  Use
  the cmake_policy command to set the policy and suppress this warning.

Call Stack (most recent call first):
  CMakeLists.txt:69 (include)
This warning is for project developers.  Use -Wno-dev to suppress it.

CMake Warning (dev) at cmake/setup_build.cmake:17 (find_package):
  Policy CMP0148 is not set: The FindPythonInterp and FindPythonLibs modules
  are removed.  Run "cmake --help-policy CMP0148" for policy details.  Use
  the cmake_policy command to set the policy and suppress this warning.

Call Stack (most recent call first):
  CMakeLists.txt:94 (find_host_package)
This warning is for project developers.  Use -Wno-dev to suppress it.

-- optimizer enabled
-- Configuring done (1.1s)
-- Generating done (0.4s)
-- Build files have been written to: /home/caelestia/Projects/Hazel/build/dependencies/cmake/Debug-linux-x86_64/shaderc
+ /tmp/cmake-3.31.6-linux-x86_64/bin/cmake --build /home/caelestia/Projects/Hazel/build/dependencies/cmake/Debug-linux-x86_64/shaderc --config Debug --target shaderc_combined_genfile --parallel 2
[  0%] Built target spirv-tools-build-version
[  1%] Built target HLSL
[  1%] Built target enum_string_mapping
[  1%] Built target core_tables
[  1%] Built target spirv-tools-header-NonSemanticShaderDebugInfo100
[  1%] Built target spv-tools-spv-amd-sevp
[  1%] Built target spv-tools-spv-amd-stm
[  3%] Built target spv-tools-spv-amd-gs
[  3%] Built target spv-tools-debuginfo
[  3%] Built target spv-tools-spv-amd-sb
[  4%] Built target spv-tools-shdi100
[  4%] Built target spv-tools-cldi100
[  6%] Built target spv-tools-clspvreflection
[  6%] Built target spirv-tools-header-DebugInfo
[  6%] Built target spirv-tools-header-OpenCLDebugInfo100
[  6%] Built target GenericCodeGen
[  6%] Built target OGLCompiler
[  7%] Built target OSDependent
[  9%] Built target extinst_tables
[ 22%] Built target MachineIndependent
[ 22%] Built target glslang
[ 50%] Built target SPIRV-Tools-static
[ 92%] Built target SPIRV-Tools-opt
[ 92%] Building CXX object third_party/glslang/SPIRV/CMakeFiles/SPIRV.dir/InReadableOrder.cpp.o
[ 92%] Building CXX object third_party/glslang/SPIRV/CMakeFiles/SPIRV.dir/GlslangToSpv.cpp.o
[ 92%] Building CXX object third_party/glslang/SPIRV/CMakeFiles/SPIRV.dir/Logger.cpp.o
[ 93%] Building CXX object third_party/glslang/SPIRV/CMakeFiles/SPIRV.dir/SpvBuilder.cpp.o
[ 93%] Building CXX object third_party/glslang/SPIRV/CMakeFiles/SPIRV.dir/SpvPostProcess.cpp.o
[ 93%] Building CXX object third_party/glslang/SPIRV/CMakeFiles/SPIRV.dir/doc.cpp.o
[ 93%] Building CXX object third_party/glslang/SPIRV/CMakeFiles/SPIRV.dir/SpvTools.cpp.o
[ 95%] Building CXX object third_party/glslang/SPIRV/CMakeFiles/SPIRV.dir/disassemble.cpp.o
[ 95%] Building CXX object third_party/glslang/SPIRV/CMakeFiles/SPIRV.dir/CInterface/spirv_c_interface.cpp.o
[ 95%] Linking CXX static library libSPIRV.a
[ 95%] Built target SPIRV
[ 95%] Building CXX object libshaderc_util/CMakeFiles/shaderc_util.dir/src/args.cc.o
[ 95%] Building CXX object libshaderc_util/CMakeFiles/shaderc_util.dir/src/compiler.cc.o
[ 95%] Building CXX object libshaderc_util/CMakeFiles/shaderc_util.dir/src/file_finder.cc.o
[ 96%] Building CXX object libshaderc_util/CMakeFiles/shaderc_util.dir/src/io_shaderc.cc.o
[ 96%] Building CXX object libshaderc_util/CMakeFiles/shaderc_util.dir/src/message.cc.o
[ 96%] Building CXX object libshaderc_util/CMakeFiles/shaderc_util.dir/src/resources.cc.o
[ 96%] Building CXX object libshaderc_util/CMakeFiles/shaderc_util.dir/src/shader_stage.cc.o
[ 98%] Building CXX object libshaderc_util/CMakeFiles/shaderc_util.dir/src/spirv_tools_wrapper.cc.o
[ 98%] Building CXX object libshaderc_util/CMakeFiles/shaderc_util.dir/src/version_profile.cc.o
[ 98%] Linking CXX static library libshaderc_util.a
[ 98%] Built target shaderc_util
[100%] Building CXX object libshaderc/CMakeFiles/shaderc.dir/src/shaderc.cc.o
[100%] Linking CXX static library libshaderc.a
[100%] Built target shaderc
[100%] Generating libshaderc_combined.a
[100%] Built target shaderc_combined_genfile
+ /tmp/cmake-3.31.6-linux-x86_64/bin/cmake -S /home/caelestia/Projects/Hazel/build/dependencies/sources/spirv-cross -B /home/caelestia/Projects/Hazel/build/dependencies/cmake/Debug-linux-x86_64/spirv-cross -G Unix Makefiles -DCMAKE_BUILD_TYPE=Debug -DCMAKE_POSITION_INDEPENDENT_CODE=ON -DCMAKE_MSVC_RUNTIME_LIBRARY=MultiThreaded$<$<CONFIG:Debug>:Debug>DLL -DSPIRV_CROSS_CLI=OFF -DSPIRV_CROSS_ENABLE_TESTS=OFF -DSPIRV_CROSS_SKIP_INSTALL=ON
CMake Deprecation Warning at CMakeLists.txt:22 (cmake_minimum_required):
  Compatibility with CMake < 3.10 will be removed from a future version of
  CMake.

  Update the VERSION argument <min> value.  Or, use the <min>...<max> syntax
  to tell CMake that the project requires at least <min> but has been updated
  to work with policies introduced by <max> or earlier.


-- The CXX compiler identification is GNU 16.2.1
-- The C compiler identification is GNU 16.2.1
-- Detecting CXX compiler ABI info
-- Detecting CXX compiler ABI info - done
-- Check for working CXX compiler: /usr/bin/c++ - skipped
-- Detecting CXX compile features
-- Detecting CXX compile features - done
-- Detecting C compiler ABI info
-- Detecting C compiler ABI info - done
-- Check for working C compiler: /usr/bin/cc - skipped
-- Detecting C compile features
-- Detecting C compile features - done
-- SPIRV-Cross: Finding Git version for SPIRV-Cross.
-- Found Git: /usr/bin/git (found version "2.56.0")
-- SPIRV-Cross: Git hash: 2de1265
-- Configuring done (1.1s)
-- Generating done (0.0s)
-- Build files have been written to: /home/caelestia/Projects/Hazel/build/dependencies/cmake/Debug-linux-x86_64/spirv-cross
+ /tmp/cmake-3.31.6-linux-x86_64/bin/cmake --build /home/caelestia/Projects/Hazel/build/dependencies/cmake/Debug-linux-x86_64/spirv-cross --config Debug --target spirv-cross-glsl --parallel 2
[ 28%] Building CXX object CMakeFiles/spirv-cross-core.dir/spirv_cross.cpp.o
[ 28%] Building CXX object CMakeFiles/spirv-cross-core.dir/spirv_parser.cpp.o
[ 42%] Building CXX object CMakeFiles/spirv-cross-core.dir/spirv_cross_parsed_ir.cpp.o
[ 57%] Building CXX object CMakeFiles/spirv-cross-core.dir/spirv_cfg.cpp.o
[ 71%] Linking CXX static library libspirv-cross-core.a
[ 71%] Built target spirv-cross-core
[ 85%] Building CXX object CMakeFiles/spirv-cross-glsl.dir/spirv_glsl.cpp.o
[100%] Linking CXX static library libspirv-cross-glsl.a
[100%] Built target spirv-cross-glsl
Installed clean pinned shader tools: /home/caelestia/Projects/Hazel/build/dependencies/install/Debug-linux-x86_64
