Context: 4.6 (Core Profile) Mesa 26.2.3-arch3.1; GLSL 4.60
Sample limits: renderbuffer=8, integer texture=8, color texture=8, depth texture=8
[10:19:49] HAZEL: OpenGLShader::Reflect - fragment pipeline-é.glsl: 0 uniform buffers, 1 sampled images
[10:19:49] HAZEL: OpenGLShader::Reflect - vertex pipeline-é.glsl: 1 uniform buffers, 0 sampled images
[10:19:49] HAZEL:   Camera: size 64, binding 3, members 1
[10:19:51] HAZEL: Shader creation took 2769.6655 ms
[10:19:51] HAZEL: Shader cache hit: assets/cache/shader/opengl/c139327666560714.cached_vulkan.fragment
[10:19:51] HAZEL: OpenGLShader::Reflect - fragment pipeline-é.glsl: 0 uniform buffers, 1 sampled images
[10:19:51] HAZEL: Shader cache hit: assets/cache/shader/opengl/f14fdad96c68fcd7.cached_vulkan.vertex
[10:19:51] HAZEL: OpenGLShader::Reflect - vertex pipeline-é.glsl: 1 uniform buffers, 0 sampled images
[10:19:51] HAZEL:   Camera: size 64, binding 3, members 1
[10:19:51] HAZEL: Shader cache hit: assets/cache/shader/opengl/f14fdad96c68fcd7.cached_opengl.vertex
[10:19:51] HAZEL: Shader cache hit: assets/cache/shader/opengl/c139327666560714.cached_opengl.fragment
[10:19:51] HAZEL: Shader creation took 4.496201 ms
Readback samples=1: 128,64,192,255; entity=73
[10:19:51] HAZEL: Attempted to resize framebuffer to 0, 0
Readback samples=4: 128,64,192,255; entity=73
[10:19:51] HAZEL: Attempted to resize framebuffer to 0, 0
PASS: four-sample color/depth framebuffer and resolved color readback
[10:19:53] HAZEL: OpenGLShader::Reflect - fragment pipeline-é.glsl: 0 uniform buffers, 1 sampled images
[10:19:53] HAZEL: Shader cache hit: assets/cache/shader/opengl/f14fdad96c68fcd7.cached_vulkan.vertex
[10:19:53] HAZEL: OpenGLShader::Reflect - vertex pipeline-é.glsl: 1 uniform buffers, 0 sampled images
[10:19:53] HAZEL:   Camera: size 64, binding 3, members 1
[10:19:53] HAZEL: Shader cache hit: assets/cache/shader/opengl/f14fdad96c68fcd7.cached_opengl.vertex
[10:19:54] HAZEL: Shader creation took 2324.3625 ms
[10:19:55] HAZEL: OpenGLShader::Reflect - fragment pipeline-é.glsl: 0 uniform buffers, 1 sampled images
[10:19:55] HAZEL: OpenGLShader::Reflect - vertex pipeline-é.glsl: 1 uniform buffers, 0 sampled images
[10:19:55] HAZEL:   Camera: size 64, binding 3, members 1
[10:19:56] HAZEL: Shader creation took 2398.6843 ms
[10:19:57] HAZEL: Shader compilation failed (bad): bad:2: error: '' :  syntax error, unexpected IDENTIFIER

PASS: real-context texture formats/mips/UTF-8/alignment/state, reflected shader bindings, cold/warm/changed/corrupt caches, framebuffer color/entity readback, full clear, resize, depth-only and MSAA resolve
