==== Building GLFW (debug) ====
==== Building Glad (debug) ====
==== Building ImGui (debug) ====
==== Building Hazel (debug) ====
Application.cpp
Math.cpp
Linking Hazel
==== Building Sandbox (debug) ====
==== Building MigrationRendererSmoke (debug) ====
Linking MigrationRendererSmoke
Linking Sandbox
==== Building MigrationCoreSmoke (debug) ====
CoreSmoke.cpp
In file included from ../../tests/migration/CoreSmoke.cpp:7:
../../Hazel/src/Hazel/Core/Timer.h:16:22: error: extra qualification ‘Hazel::Timer::’ on member ‘Reset’ [-fpermissive]
   16 |                 void Timer::Reset()
      |                      ^~~~~
../../Hazel/src/Hazel/Core/Timer.h:21:23: error: extra qualification ‘Hazel::Timer::’ on member ‘Elapsed’ [-fpermissive]
   21 |                 float Timer::Elapsed()
      |                       ^~~~~
../../Hazel/src/Hazel/Core/Timer.h:26:23: error: extra qualification ‘Hazel::Timer::’ on member ‘ElapsedMillis’ [-fpermissive]
   26 |                 float Timer::ElapsedMillis()
      |                       ^~~~~
