+ /tmp/cmake-3.31.6-linux-x86_64/bin/cmake -S /home/caelestia/Projects/Hazel/build/dependencies/sources/shaderc -B /home/caelestia/Projects/Hazel/build/dependencies/cmake/Release-linux-x86_64/shaderc -G Unix Makefiles -DCMAKE_BUILD_TYPE=Release -DCMAKE_POSITION_INDEPENDENT_CODE=ON -DCMAKE_MSVC_RUNTIME_LIBRARY=MultiThreaded$<$<CONFIG:Debug>:Debug>DLL -DCMAKE_PROJECT_shaderc_INCLUDE=/home/caelestia/Projects/Hazel/scripts/dependencies/shaderc-compat.cmake -DSHADERC_SKIP_TESTS=ON -DSHADERC_SKIP_EXAMPLES=ON -DSHADERC_SKIP_COPYRIGHT_CHECK=ON -DSHADERC_SKIP_INSTALL=ON -DSHADERC_ENABLE_WERROR_COMPILE=OFF -DSHADERC_ENABLE_SHARED_CRT=ON -DSPIRV_SKIP_EXECUTABLES=ON -DENABLE_GLSLANG_BINARIES=OFF -DENABLE_GLSLANG_JS=OFF -DBUILD_TESTING=OFF
-- The C compiler identification is GNU 16.2.1
-- The CXX compiler identification is GNU 16.2.1
-- Detecting C compiler ABI info
-- Detecting C compiler ABI info - done
-- Check for working C compiler: /usr/bin/cc - skipped
-- Detecting C compile features
-- Detecting C compile features - done
-- Detecting CXX compiler ABI info
-- Detecting CXX compiler ABI info - done
-- Check for working CXX compiler: /usr/bin/c++ - skipped
-- Detecting CXX compile features
-- Detecting CXX compile features - done
-- Shaderc: build type is "Release".
-- Configuring Shaderc to avoid building tests.
-- Configuring Shaderc to avoid building examples.
-- Configuring Shaderc to avoid checking copyrights.
-- asciidoctor was not found - no documentation will be generated
CMake Warning (dev) at cmake/setup_build.cmake:52 (find_package):
  Policy CMP0148 is not set: The FindPythonInterp and FindPythonLibs modules
  are removed.  Run "cmake --help-policy CMP0148" for policy details.  Use
  the cmake_policy command to set the policy and suppress this warning.

Call Stack (most recent call first):
  CMakeLists.txt:69 (include)
This warning is for project developers.  Use -Wno-dev to suppress it.

-- Found PythonInterp: /usr/bin/python3 (found suitable version "3.14.7", minimum required is "3")
-- Performing Test COMPILER_SUPPORTS_FALLTHROUGH_WARNING
-- Performing Test COMPILER_SUPPORTS_FALLTHROUGH_WARNING - Success
-- Performing Test COMPILER_SUPPORTS_EXTRA_SEMI_WARNING
-- Performing Test COMPILER_SUPPORTS_EXTRA_SEMI_WARNING - Success
CMake Warning (dev) at cmake/setup_build.cmake:17 (find_package):
  Policy CMP0148 is not set: The FindPythonInterp and FindPythonLibs modules
  are removed.  Run "cmake --help-policy CMP0148" for policy details.  Use
  the cmake_policy command to set the policy and suppress this warning.

Call Stack (most recent call first):
  CMakeLists.txt:94 (find_host_package)
This warning is for project developers.  Use -Wno-dev to suppress it.

-- Performing Test COMPILER_SUPPORTS_PIC
-- Performing Test COMPILER_SUPPORTS_PIC - Success
-- Found Python3: /usr/bin/python3.14 (found version "3.14.7") found components: Interpreter
-- optimizer enabled
-- Performing Test CMAKE_HAVE_LIBC_PTHREAD
-- Performing Test CMAKE_HAVE_LIBC_PTHREAD - Success
-- Found Threads: TRUE
-- Configuring done (2.7s)
-- Generating done (0.4s)
-- Build files have been written to: /home/caelestia/Projects/Hazel/build/dependencies/cmake/Release-linux-x86_64/shaderc
+ /tmp/cmake-3.31.6-linux-x86_64/bin/cmake --build /home/caelestia/Projects/Hazel/build/dependencies/cmake/Release-linux-x86_64/shaderc --config Release --target shaderc_combined_genfile --parallel 2
[  0%] Update build-version.inc in the SPIRV-Tools build directory (if necessary).
[  0%] Building CXX object third_party/glslang/hlsl/CMakeFiles/HLSL.dir/stub.cpp.o
[  1%] Linking CXX static library libHLSL.a
[  1%] Built target HLSL
[  1%] Generate info tables for SPIR-V vunified1 core instructions and operands.
[00:08:11][ERROR   ] Failed to run "['git', 'describe']" in "/home/caelestia/Projects/Hazel/build/dependencies/sources/shaderc/third_party/spirv-tools": fatal: No names found, cannot describe anything.

/home/caelestia/Projects/Hazel/build/dependencies/sources/shaderc/third_party/spirv-tools/utils/update_build_version.py:133: DeprecationWarning: datetime.datetime.utcfromtimestamp() is deprecated and scheduled for removal in a future version. Use timezone-aware objects to represent datetimes in UTC: datetime.datetime.fromtimestamp(timestamp, datetime.UTC).
  iso_date = datetime.datetime.utcfromtimestamp(timestamp).isoformat()
[  1%] Built target spirv-tools-build-version
[  1%] Generate enum-string mapping for SPIR-V vunified1.
[  1%] Generate tables based on the SPIR-V XML registry.
[  1%] Built target enum_string_mapping
[  1%] Generate language specific header for NonSemanticShaderDebugInfo100.
[  1%] Built target core_tables
[  1%] Generate extended instruction tables for spv-amd-shader-explicit-vertex-parameter.
[  1%] Built target spirv-tools-header-NonSemanticShaderDebugInfo100
[  1%] Generate extended instruction tables for spv-amd-shader-trinary-minmax.
[  1%] Built target spv-tools-spv-amd-sevp
[  3%] Generate extended instruction tables for spv-amd-gcn-shader.
[  3%] Built target spv-tools-spv-amd-stm
[  3%] Generate extended instruction tables for spv-amd-shader-ballot.
[  3%] Built target spv-tools-spv-amd-gs
[  3%] Built target spv-tools-spv-amd-sb
[  3%] Generate extended instruction tables for debuginfo.
[  4%] Generate extended instruction tables for opencl.debuginfo.100.
[  4%] Built target spv-tools-debuginfo
[  4%] Generate extended instruction tables for nonsemantic.shader.debuginfo.100.
[  4%] Built target spv-tools-cldi100
[  4%] Generate extended instruction tables for nonsemantic.clspvreflection.
[  4%] Built target spv-tools-shdi100
[  6%] Generate language specific header for DebugInfo.
[  6%] Built target spv-tools-clspvreflection
[  6%] Generate language specific header for OpenCLDebugInfo100.
[  6%] Built target spirv-tools-header-DebugInfo
[  6%] Built target spirv-tools-header-OpenCLDebugInfo100
[  6%] Building CXX object third_party/glslang/glslang/CMakeFiles/GenericCodeGen.dir/GenericCodeGen/CodeGen.cpp.o
[  6%] Building CXX object third_party/glslang/OGLCompilersDLL/CMakeFiles/OGLCompiler.dir/InitializeDll.cpp.o
[  6%] Linking CXX static library libOGLCompiler.a
[  6%] Built target OGLCompiler
[  7%] Building CXX object third_party/glslang/glslang/OSDependent/Unix/CMakeFiles/OSDependent.dir/ossource.cpp.o
[  7%] Linking CXX static library libOSDependent.a
[  7%] Built target OSDependent
[  9%] Generate info tables for GLSL extended instructions and operands vunified1.
[  9%] Generate info tables for OpenCL extended instructions and operands vunified1.
[  9%] Built target extinst_tables
[  9%] Building CXX object third_party/glslang/glslang/CMakeFiles/GenericCodeGen.dir/GenericCodeGen/Link.cpp.o
[  9%] Building CXX object third_party/spirv-tools/source/CMakeFiles/SPIRV-Tools-static.dir/util/bit_vector.cpp.o
[  9%] Linking CXX static library libGenericCodeGen.a
[  9%] Built target GenericCodeGen
[  9%] Building CXX object third_party/spirv-tools/source/CMakeFiles/SPIRV-Tools-static.dir/util/parse_number.cpp.o
[ 10%] Building CXX object third_party/spirv-tools/source/CMakeFiles/SPIRV-Tools-static.dir/util/string_utils.cpp.o
[ 10%] Building CXX object third_party/spirv-tools/source/CMakeFiles/SPIRV-Tools-static.dir/assembly_grammar.cpp.o
[ 10%] Building CXX object third_party/spirv-tools/source/CMakeFiles/SPIRV-Tools-static.dir/binary.cpp.o
[ 10%] Building CXX object third_party/spirv-tools/source/CMakeFiles/SPIRV-Tools-static.dir/diagnostic.cpp.o
[ 12%] Building CXX object third_party/spirv-tools/source/CMakeFiles/SPIRV-Tools-static.dir/disassemble.cpp.o
[ 12%] Building CXX object third_party/spirv-tools/source/CMakeFiles/SPIRV-Tools-static.dir/enum_string_mapping.cpp.o
[ 12%] Building CXX object third_party/spirv-tools/source/CMakeFiles/SPIRV-Tools-static.dir/ext_inst.cpp.o
[ 12%] Building CXX object third_party/spirv-tools/source/CMakeFiles/SPIRV-Tools-static.dir/extensions.cpp.o
[ 13%] Building CXX object third_party/spirv-tools/source/CMakeFiles/SPIRV-Tools-static.dir/libspirv.cpp.o
[ 13%] Building CXX object third_party/spirv-tools/source/CMakeFiles/SPIRV-Tools-static.dir/name_mapper.cpp.o
[ 13%] Building CXX object third_party/spirv-tools/source/CMakeFiles/SPIRV-Tools-static.dir/opcode.cpp.o
[ 13%] Building CXX object third_party/glslang/glslang/CMakeFiles/MachineIndependent.dir/cmake_pch.hxx.gch
[ 13%] Building CXX object third_party/spirv-tools/source/CMakeFiles/SPIRV-Tools-static.dir/operand.cpp.o
[ 15%] Building CXX object third_party/spirv-tools/source/CMakeFiles/SPIRV-Tools-static.dir/parsed_operand.cpp.o
[ 15%] Building CXX object third_party/spirv-tools/source/CMakeFiles/SPIRV-Tools-static.dir/print.cpp.o
[ 15%] Building CXX object third_party/glslang/glslang/CMakeFiles/MachineIndependent.dir/MachineIndependent/glslang_tab.cpp.o
[ 15%] Building CXX object third_party/spirv-tools/source/CMakeFiles/SPIRV-Tools-static.dir/software_version.cpp.o
[ 15%] Building CXX object third_party/spirv-tools/source/CMakeFiles/SPIRV-Tools-static.dir/spirv_endian.cpp.o
[ 16%] Building CXX object third_party/spirv-tools/source/CMakeFiles/SPIRV-Tools-static.dir/spirv_fuzzer_options.cpp.o
[ 16%] Building CXX object third_party/spirv-tools/source/CMakeFiles/SPIRV-Tools-static.dir/spirv_optimizer_options.cpp.o
[ 16%] Building CXX object third_party/spirv-tools/source/CMakeFiles/SPIRV-Tools-static.dir/spirv_reducer_options.cpp.o
[ 16%] Building CXX object third_party/spirv-tools/source/CMakeFiles/SPIRV-Tools-static.dir/spirv_target_env.cpp.o
[ 18%] Building CXX object third_party/spirv-tools/source/CMakeFiles/SPIRV-Tools-static.dir/spirv_validator_options.cpp.o
[ 18%] Building CXX object third_party/spirv-tools/source/CMakeFiles/SPIRV-Tools-static.dir/table.cpp.o
[ 18%] Building CXX object third_party/spirv-tools/source/CMakeFiles/SPIRV-Tools-static.dir/text.cpp.o
[ 18%] Building CXX object third_party/spirv-tools/source/CMakeFiles/SPIRV-Tools-static.dir/text_handler.cpp.o
[ 19%] Building CXX object third_party/spirv-tools/source/CMakeFiles/SPIRV-Tools-static.dir/val/validate.cpp.o
[ 19%] Building CXX object third_party/spirv-tools/source/CMakeFiles/SPIRV-Tools-static.dir/val/validate_adjacency.cpp.o
[ 19%] Building CXX object third_party/spirv-tools/source/CMakeFiles/SPIRV-Tools-static.dir/val/validate_annotation.cpp.o
[ 19%] Building CXX object third_party/spirv-tools/source/CMakeFiles/SPIRV-Tools-static.dir/val/validate_arithmetics.cpp.o
[ 21%] Building CXX object third_party/spirv-tools/source/CMakeFiles/SPIRV-Tools-static.dir/val/validate_atomics.cpp.o
[ 21%] Building CXX object third_party/spirv-tools/source/CMakeFiles/SPIRV-Tools-static.dir/val/validate_barriers.cpp.o
[ 21%] Building CXX object third_party/spirv-tools/source/CMakeFiles/SPIRV-Tools-static.dir/val/validate_bitwise.cpp.o
[ 21%] Building CXX object third_party/spirv-tools/source/CMakeFiles/SPIRV-Tools-static.dir/val/validate_builtins.cpp.o
[ 21%] Building CXX object third_party/spirv-tools/source/CMakeFiles/SPIRV-Tools-static.dir/val/validate_capability.cpp.o
[ 22%] Building CXX object third_party/spirv-tools/source/CMakeFiles/SPIRV-Tools-static.dir/val/validate_cfg.cpp.o
[ 22%] Building CXX object third_party/spirv-tools/source/CMakeFiles/SPIRV-Tools-static.dir/val/validate_composites.cpp.o
[ 22%] Building CXX object third_party/spirv-tools/source/CMakeFiles/SPIRV-Tools-static.dir/val/validate_constants.cpp.o
[ 22%] Building CXX object third_party/spirv-tools/source/CMakeFiles/SPIRV-Tools-static.dir/val/validate_conversion.cpp.o
[ 24%] Building CXX object third_party/spirv-tools/source/CMakeFiles/SPIRV-Tools-static.dir/val/validate_debug.cpp.o
[ 24%] Building CXX object third_party/spirv-tools/source/CMakeFiles/SPIRV-Tools-static.dir/val/validate_decorations.cpp.o
[ 24%] Building CXX object third_party/glslang/glslang/CMakeFiles/MachineIndependent.dir/MachineIndependent/attribute.cpp.o
[ 25%] Building CXX object third_party/glslang/glslang/CMakeFiles/MachineIndependent.dir/MachineIndependent/Constant.cpp.o
[ 25%] Building CXX object third_party/spirv-tools/source/CMakeFiles/SPIRV-Tools-static.dir/val/validate_derivatives.cpp.o
[ 25%] Building CXX object third_party/spirv-tools/source/CMakeFiles/SPIRV-Tools-static.dir/val/validate_extensions.cpp.o
[ 25%] Building CXX object third_party/glslang/glslang/CMakeFiles/MachineIndependent.dir/MachineIndependent/iomapper.cpp.o
[ 27%] Building CXX object third_party/spirv-tools/source/CMakeFiles/SPIRV-Tools-static.dir/val/validate_execution_limitations.cpp.o
[ 27%] Building CXX object third_party/glslang/glslang/CMakeFiles/MachineIndependent.dir/MachineIndependent/InfoSink.cpp.o
[ 27%] Building CXX object third_party/spirv-tools/source/CMakeFiles/SPIRV-Tools-static.dir/val/validate_function.cpp.o
[ 27%] Building CXX object third_party/glslang/glslang/CMakeFiles/MachineIndependent.dir/MachineIndependent/Initialize.cpp.o
[ 27%] Building CXX object third_party/spirv-tools/source/CMakeFiles/SPIRV-Tools-static.dir/val/validate_id.cpp.o
[ 27%] Building CXX object third_party/spirv-tools/source/CMakeFiles/SPIRV-Tools-static.dir/val/validate_image.cpp.o
[ 28%] Building CXX object third_party/spirv-tools/source/CMakeFiles/SPIRV-Tools-static.dir/val/validate_interfaces.cpp.o
[ 30%] Building CXX object third_party/glslang/glslang/CMakeFiles/MachineIndependent.dir/MachineIndependent/IntermTraverse.cpp.o
[ 30%] Building CXX object third_party/glslang/glslang/CMakeFiles/MachineIndependent.dir/MachineIndependent/Intermediate.cpp.o
[ 30%] Building CXX object third_party/spirv-tools/source/CMakeFiles/SPIRV-Tools-static.dir/val/validate_instruction.cpp.o
[ 30%] Building CXX object third_party/spirv-tools/source/CMakeFiles/SPIRV-Tools-static.dir/val/validate_layout.cpp.o
[ 30%] Building CXX object third_party/spirv-tools/source/CMakeFiles/SPIRV-Tools-static.dir/val/validate_literals.cpp.o
[ 31%] Building CXX object third_party/spirv-tools/source/CMakeFiles/SPIRV-Tools-static.dir/val/validate_logicals.cpp.o
[ 31%] Building CXX object third_party/glslang/glslang/CMakeFiles/MachineIndependent.dir/MachineIndependent/ParseContextBase.cpp.o
[ 31%] Building CXX object third_party/spirv-tools/source/CMakeFiles/SPIRV-Tools-static.dir/val/validate_memory.cpp.o
[ 31%] Building CXX object third_party/spirv-tools/source/CMakeFiles/SPIRV-Tools-static.dir/val/validate_memory_semantics.cpp.o
[ 31%] Building CXX object third_party/glslang/glslang/CMakeFiles/MachineIndependent.dir/MachineIndependent/ParseHelper.cpp.o
[ 31%] Building CXX object third_party/spirv-tools/source/CMakeFiles/SPIRV-Tools-static.dir/val/validate_mesh_shading.cpp.o
[ 33%] Building CXX object third_party/spirv-tools/source/CMakeFiles/SPIRV-Tools-static.dir/val/validate_misc.cpp.o
[ 33%] Building CXX object third_party/spirv-tools/source/CMakeFiles/SPIRV-Tools-static.dir/val/validate_mode_setting.cpp.o
[ 33%] Building CXX object third_party/spirv-tools/source/CMakeFiles/SPIRV-Tools-static.dir/val/validate_non_uniform.cpp.o
[ 33%] Building CXX object third_party/spirv-tools/source/CMakeFiles/SPIRV-Tools-static.dir/val/validate_primitives.cpp.o
[ 34%] Building CXX object third_party/spirv-tools/source/CMakeFiles/SPIRV-Tools-static.dir/val/validate_ray_query.cpp.o
[ 34%] Building CXX object third_party/spirv-tools/source/CMakeFiles/SPIRV-Tools-static.dir/val/validate_ray_tracing.cpp.o
[ 34%] Building CXX object third_party/spirv-tools/source/CMakeFiles/SPIRV-Tools-static.dir/val/validate_ray_tracing_reorder.cpp.o
[ 34%] Building CXX object third_party/spirv-tools/source/CMakeFiles/SPIRV-Tools-static.dir/val/validate_scopes.cpp.o
[ 36%] Building CXX object third_party/spirv-tools/source/CMakeFiles/SPIRV-Tools-static.dir/val/validate_small_type_uses.cpp.o
[ 36%] Building CXX object third_party/spirv-tools/source/CMakeFiles/SPIRV-Tools-static.dir/val/validate_type.cpp.o
[ 36%] Building CXX object third_party/spirv-tools/source/CMakeFiles/SPIRV-Tools-static.dir/val/basic_block.cpp.o
[ 37%] Building CXX object third_party/glslang/glslang/CMakeFiles/MachineIndependent.dir/MachineIndependent/PoolAlloc.cpp.o
[ 37%] Building CXX object third_party/spirv-tools/source/CMakeFiles/SPIRV-Tools-static.dir/val/construct.cpp.o
[ 37%] Building CXX object third_party/glslang/glslang/CMakeFiles/MachineIndependent.dir/MachineIndependent/RemoveTree.cpp.o
[ 37%] Building CXX object third_party/glslang/glslang/CMakeFiles/MachineIndependent.dir/MachineIndependent/Scan.cpp.o
[ 39%] Building CXX object third_party/spirv-tools/source/CMakeFiles/SPIRV-Tools-static.dir/val/function.cpp.o
[ 39%] Building CXX object third_party/glslang/glslang/CMakeFiles/MachineIndependent.dir/MachineIndependent/ShaderLang.cpp.o
[ 39%] Building CXX object third_party/spirv-tools/source/CMakeFiles/SPIRV-Tools-static.dir/val/instruction.cpp.o
[ 39%] Building CXX object third_party/spirv-tools/source/CMakeFiles/SPIRV-Tools-static.dir/val/validation_state.cpp.o
[ 40%] Building CXX object third_party/glslang/glslang/CMakeFiles/MachineIndependent.dir/MachineIndependent/SpirvIntrinsics.cpp.o
[ 40%] Building CXX object third_party/spirv-tools/source/CMakeFiles/SPIRV-Tools-static.dir/util/timer.cpp.o
[ 42%] Linking CXX static library libSPIRV-Tools.a
[ 42%] Built target SPIRV-Tools-static
[ 42%] Building CXX object third_party/glslang/glslang/CMakeFiles/MachineIndependent.dir/MachineIndependent/SymbolTable.cpp.o
[ 42%] Building CXX object third_party/spirv-tools/source/opt/CMakeFiles/SPIRV-Tools-opt.dir/fix_func_call_arguments.cpp.o
[ 42%] Building CXX object third_party/glslang/glslang/CMakeFiles/MachineIndependent.dir/MachineIndependent/Versions.cpp.o
[ 43%] Building CXX object third_party/spirv-tools/source/opt/CMakeFiles/SPIRV-Tools-opt.dir/aggressive_dead_code_elim_pass.cpp.o
[ 43%] Building CXX object third_party/glslang/glslang/CMakeFiles/MachineIndependent.dir/MachineIndependent/intermOut.cpp.o
[ 45%] Building CXX object third_party/glslang/glslang/CMakeFiles/MachineIndependent.dir/MachineIndependent/limits.cpp.o
[ 45%] Building CXX object third_party/glslang/glslang/CMakeFiles/MachineIndependent.dir/MachineIndependent/linkValidate.cpp.o
[ 45%] Building CXX object third_party/spirv-tools/source/opt/CMakeFiles/SPIRV-Tools-opt.dir/amd_ext_to_khr.cpp.o
[ 45%] Building CXX object third_party/glslang/glslang/CMakeFiles/MachineIndependent.dir/MachineIndependent/parseConst.cpp.o
[ 45%] Building CXX object third_party/glslang/glslang/CMakeFiles/MachineIndependent.dir/MachineIndependent/reflection.cpp.o
[ 45%] Building CXX object third_party/spirv-tools/source/opt/CMakeFiles/SPIRV-Tools-opt.dir/analyze_live_input_pass.cpp.o
[ 45%] Building CXX object third_party/spirv-tools/source/opt/CMakeFiles/SPIRV-Tools-opt.dir/basic_block.cpp.o
[ 46%] Building CXX object third_party/glslang/glslang/CMakeFiles/MachineIndependent.dir/MachineIndependent/preprocessor/Pp.cpp.o
[ 48%] Building CXX object third_party/spirv-tools/source/opt/CMakeFiles/SPIRV-Tools-opt.dir/block_merge_pass.cpp.o
[ 48%] Building CXX object third_party/glslang/glslang/CMakeFiles/MachineIndependent.dir/MachineIndependent/preprocessor/PpAtom.cpp.o
[ 48%] Building CXX object third_party/glslang/glslang/CMakeFiles/MachineIndependent.dir/MachineIndependent/preprocessor/PpContext.cpp.o
[ 48%] Building CXX object third_party/spirv-tools/source/opt/CMakeFiles/SPIRV-Tools-opt.dir/block_merge_util.cpp.o
[ 48%] Building CXX object third_party/glslang/glslang/CMakeFiles/MachineIndependent.dir/MachineIndependent/preprocessor/PpScanner.cpp.o
[ 50%] Building CXX object third_party/glslang/glslang/CMakeFiles/MachineIndependent.dir/MachineIndependent/preprocessor/PpTokens.cpp.o
[ 50%] Building CXX object third_party/glslang/glslang/CMakeFiles/MachineIndependent.dir/MachineIndependent/propagateNoContraction.cpp.o
[ 50%] Building CXX object third_party/spirv-tools/source/opt/CMakeFiles/SPIRV-Tools-opt.dir/build_module.cpp.o
[ 50%] Building CXX object third_party/glslang/glslang/CMakeFiles/MachineIndependent.dir/HLSL/hlslAttributes.cpp.o
[ 50%] Building CXX object third_party/glslang/glslang/CMakeFiles/MachineIndependent.dir/HLSL/hlslParseHelper.cpp.o
[ 50%] Building CXX object third_party/spirv-tools/source/opt/CMakeFiles/SPIRV-Tools-opt.dir/ccp_pass.cpp.o
[ 51%] Building CXX object third_party/spirv-tools/source/opt/CMakeFiles/SPIRV-Tools-opt.dir/cfg_cleanup_pass.cpp.o
[ 51%] Building CXX object third_party/spirv-tools/source/opt/CMakeFiles/SPIRV-Tools-opt.dir/cfg.cpp.o
[ 51%] Building CXX object third_party/spirv-tools/source/opt/CMakeFiles/SPIRV-Tools-opt.dir/code_sink.cpp.o
[ 51%] Building CXX object third_party/spirv-tools/source/opt/CMakeFiles/SPIRV-Tools-opt.dir/combine_access_chains.cpp.o
[ 53%] Building CXX object third_party/glslang/glslang/CMakeFiles/MachineIndependent.dir/HLSL/hlslScanContext.cpp.o
[ 53%] Building CXX object third_party/glslang/glslang/CMakeFiles/MachineIndependent.dir/HLSL/hlslOpMap.cpp.o
[ 53%] Building CXX object third_party/glslang/glslang/CMakeFiles/MachineIndependent.dir/HLSL/hlslTokenStream.cpp.o
[ 53%] Building CXX object third_party/glslang/glslang/CMakeFiles/MachineIndependent.dir/HLSL/hlslGrammar.cpp.o
[ 54%] Building CXX object third_party/spirv-tools/source/opt/CMakeFiles/SPIRV-Tools-opt.dir/compact_ids_pass.cpp.o
[ 54%] Building CXX object third_party/spirv-tools/source/opt/CMakeFiles/SPIRV-Tools-opt.dir/composite.cpp.o
[ 56%] Building CXX object third_party/glslang/glslang/CMakeFiles/MachineIndependent.dir/HLSL/hlslParseables.cpp.o
[ 56%] Linking CXX static library libMachineIndependent.a
[ 56%] Built target MachineIndependent
[ 56%] Building CXX object third_party/glslang/glslang/CMakeFiles/glslang.dir/CInterface/glslang_c_interface.cpp.o
[ 56%] Building CXX object third_party/spirv-tools/source/opt/CMakeFiles/SPIRV-Tools-opt.dir/const_folding_rules.cpp.o
[ 56%] Linking CXX static library libglslang.a
[ 56%] Built target glslang
[ 56%] Building CXX object third_party/spirv-tools/source/opt/CMakeFiles/SPIRV-Tools-opt.dir/constants.cpp.o
[ 57%] Building CXX object third_party/spirv-tools/source/opt/CMakeFiles/SPIRV-Tools-opt.dir/control_dependence.cpp.o
[ 57%] Building CXX object third_party/spirv-tools/source/opt/CMakeFiles/SPIRV-Tools-opt.dir/convert_to_sampled_image_pass.cpp.o
[ 57%] Building CXX object third_party/spirv-tools/source/opt/CMakeFiles/SPIRV-Tools-opt.dir/convert_to_half_pass.cpp.o
[ 57%] Building CXX object third_party/spirv-tools/source/opt/CMakeFiles/SPIRV-Tools-opt.dir/copy_prop_arrays.cpp.o
[ 59%] Building CXX object third_party/spirv-tools/source/opt/CMakeFiles/SPIRV-Tools-opt.dir/dataflow.cpp.o
[ 59%] Building CXX object third_party/spirv-tools/source/opt/CMakeFiles/SPIRV-Tools-opt.dir/dead_branch_elim_pass.cpp.o
[ 59%] Building CXX object third_party/spirv-tools/source/opt/CMakeFiles/SPIRV-Tools-opt.dir/dead_insert_elim_pass.cpp.o
[ 59%] Building CXX object third_party/spirv-tools/source/opt/CMakeFiles/SPIRV-Tools-opt.dir/dead_variable_elimination.cpp.o
[ 60%] Building CXX object third_party/spirv-tools/source/opt/CMakeFiles/SPIRV-Tools-opt.dir/decoration_manager.cpp.o
[ 60%] Building CXX object third_party/spirv-tools/source/opt/CMakeFiles/SPIRV-Tools-opt.dir/debug_info_manager.cpp.o
[ 60%] Building CXX object third_party/spirv-tools/source/opt/CMakeFiles/SPIRV-Tools-opt.dir/def_use_manager.cpp.o
[ 60%] Building CXX object third_party/spirv-tools/source/opt/CMakeFiles/SPIRV-Tools-opt.dir/desc_sroa.cpp.o
[ 60%] Building CXX object third_party/spirv-tools/source/opt/CMakeFiles/SPIRV-Tools-opt.dir/desc_sroa_util.cpp.o
[ 62%] Building CXX object third_party/spirv-tools/source/opt/CMakeFiles/SPIRV-Tools-opt.dir/dominator_analysis.cpp.o
[ 62%] Building CXX object third_party/spirv-tools/source/opt/CMakeFiles/SPIRV-Tools-opt.dir/dominator_tree.cpp.o
[ 62%] Building CXX object third_party/spirv-tools/source/opt/CMakeFiles/SPIRV-Tools-opt.dir/eliminate_dead_constant_pass.cpp.o
[ 62%] Building CXX object third_party/spirv-tools/source/opt/CMakeFiles/SPIRV-Tools-opt.dir/eliminate_dead_functions_pass.cpp.o
[ 63%] Building CXX object third_party/spirv-tools/source/opt/CMakeFiles/SPIRV-Tools-opt.dir/eliminate_dead_functions_util.cpp.o
[ 63%] Building CXX object third_party/spirv-tools/source/opt/CMakeFiles/SPIRV-Tools-opt.dir/eliminate_dead_io_components_pass.cpp.o
[ 63%] Building CXX object third_party/spirv-tools/source/opt/CMakeFiles/SPIRV-Tools-opt.dir/eliminate_dead_members_pass.cpp.o
[ 63%] Building CXX object third_party/spirv-tools/source/opt/CMakeFiles/SPIRV-Tools-opt.dir/eliminate_dead_output_stores_pass.cpp.o
[ 65%] Building CXX object third_party/spirv-tools/source/opt/CMakeFiles/SPIRV-Tools-opt.dir/feature_manager.cpp.o
[ 65%] Building CXX object third_party/spirv-tools/source/opt/CMakeFiles/SPIRV-Tools-opt.dir/fix_storage_class.cpp.o
[ 65%] Building CXX object third_party/spirv-tools/source/opt/CMakeFiles/SPIRV-Tools-opt.dir/flatten_decoration_pass.cpp.o
[ 65%] Building CXX object third_party/spirv-tools/source/opt/CMakeFiles/SPIRV-Tools-opt.dir/fold.cpp.o
[ 66%] Building CXX object third_party/spirv-tools/source/opt/CMakeFiles/SPIRV-Tools-opt.dir/folding_rules.cpp.o
[ 66%] Building CXX object third_party/spirv-tools/source/opt/CMakeFiles/SPIRV-Tools-opt.dir/fold_spec_constant_op_and_composite_pass.cpp.o
[ 66%] Building CXX object third_party/spirv-tools/source/opt/CMakeFiles/SPIRV-Tools-opt.dir/freeze_spec_constant_value_pass.cpp.o
[ 66%] Building CXX object third_party/spirv-tools/source/opt/CMakeFiles/SPIRV-Tools-opt.dir/function.cpp.o
[ 68%] Building CXX object third_party/spirv-tools/source/opt/CMakeFiles/SPIRV-Tools-opt.dir/graphics_robust_access_pass.cpp.o
[ 68%] Building CXX object third_party/spirv-tools/source/opt/CMakeFiles/SPIRV-Tools-opt.dir/if_conversion.cpp.o
[ 68%] Building CXX object third_party/spirv-tools/source/opt/CMakeFiles/SPIRV-Tools-opt.dir/inline_exhaustive_pass.cpp.o
[ 68%] Building CXX object third_party/spirv-tools/source/opt/CMakeFiles/SPIRV-Tools-opt.dir/inline_opaque_pass.cpp.o
[ 69%] Building CXX object third_party/spirv-tools/source/opt/CMakeFiles/SPIRV-Tools-opt.dir/inline_pass.cpp.o
[ 69%] Building CXX object third_party/spirv-tools/source/opt/CMakeFiles/SPIRV-Tools-opt.dir/inst_bindless_check_pass.cpp.o
[ 69%] Building CXX object third_party/spirv-tools/source/opt/CMakeFiles/SPIRV-Tools-opt.dir/inst_buff_addr_check_pass.cpp.o
[ 69%] Building CXX object third_party/spirv-tools/source/opt/CMakeFiles/SPIRV-Tools-opt.dir/inst_debug_printf_pass.cpp.o
[ 71%] Building CXX object third_party/spirv-tools/source/opt/CMakeFiles/SPIRV-Tools-opt.dir/instruction.cpp.o
[ 71%] Building CXX object third_party/spirv-tools/source/opt/CMakeFiles/SPIRV-Tools-opt.dir/instruction_list.cpp.o
[ 71%] Building CXX object third_party/spirv-tools/source/opt/CMakeFiles/SPIRV-Tools-opt.dir/instrument_pass.cpp.o
[ 71%] Building CXX object third_party/spirv-tools/source/opt/CMakeFiles/SPIRV-Tools-opt.dir/interface_var_sroa.cpp.o
[ 72%] Building CXX object third_party/spirv-tools/source/opt/CMakeFiles/SPIRV-Tools-opt.dir/interp_fixup_pass.cpp.o
[ 72%] Building CXX object third_party/spirv-tools/source/opt/CMakeFiles/SPIRV-Tools-opt.dir/ir_context.cpp.o
[ 72%] Building CXX object third_party/spirv-tools/source/opt/CMakeFiles/SPIRV-Tools-opt.dir/ir_loader.cpp.o
[ 72%] Building CXX object third_party/spirv-tools/source/opt/CMakeFiles/SPIRV-Tools-opt.dir/licm_pass.cpp.o
[ 74%] Building CXX object third_party/spirv-tools/source/opt/CMakeFiles/SPIRV-Tools-opt.dir/liveness.cpp.o
[ 74%] Building CXX object third_party/spirv-tools/source/opt/CMakeFiles/SPIRV-Tools-opt.dir/local_access_chain_convert_pass.cpp.o
[ 74%] Building CXX object third_party/spirv-tools/source/opt/CMakeFiles/SPIRV-Tools-opt.dir/local_redundancy_elimination.cpp.o
[ 74%] Building CXX object third_party/spirv-tools/source/opt/CMakeFiles/SPIRV-Tools-opt.dir/local_single_block_elim_pass.cpp.o
[ 75%] Building CXX object third_party/spirv-tools/source/opt/CMakeFiles/SPIRV-Tools-opt.dir/local_single_store_elim_pass.cpp.o
[ 75%] Building CXX object third_party/spirv-tools/source/opt/CMakeFiles/SPIRV-Tools-opt.dir/loop_dependence.cpp.o
[ 75%] Building CXX object third_party/spirv-tools/source/opt/CMakeFiles/SPIRV-Tools-opt.dir/loop_dependence_helpers.cpp.o
[ 75%] Building CXX object third_party/spirv-tools/source/opt/CMakeFiles/SPIRV-Tools-opt.dir/loop_descriptor.cpp.o
[ 77%] Building CXX object third_party/spirv-tools/source/opt/CMakeFiles/SPIRV-Tools-opt.dir/loop_fission.cpp.o
[ 77%] Building CXX object third_party/spirv-tools/source/opt/CMakeFiles/SPIRV-Tools-opt.dir/loop_fusion.cpp.o
[ 77%] Building CXX object third_party/spirv-tools/source/opt/CMakeFiles/SPIRV-Tools-opt.dir/loop_fusion_pass.cpp.o
[ 77%] Building CXX object third_party/spirv-tools/source/opt/CMakeFiles/SPIRV-Tools-opt.dir/loop_peeling.cpp.o
[ 77%] Building CXX object third_party/spirv-tools/source/opt/CMakeFiles/SPIRV-Tools-opt.dir/loop_utils.cpp.o
[ 78%] Building CXX object third_party/spirv-tools/source/opt/CMakeFiles/SPIRV-Tools-opt.dir/loop_unroller.cpp.o
[ 78%] Building CXX object third_party/spirv-tools/source/opt/CMakeFiles/SPIRV-Tools-opt.dir/loop_unswitch_pass.cpp.o
[ 78%] Building CXX object third_party/spirv-tools/source/opt/CMakeFiles/SPIRV-Tools-opt.dir/mem_pass.cpp.o
[ 78%] Building CXX object third_party/spirv-tools/source/opt/CMakeFiles/SPIRV-Tools-opt.dir/merge_return_pass.cpp.o
[ 80%] Building CXX object third_party/spirv-tools/source/opt/CMakeFiles/SPIRV-Tools-opt.dir/module.cpp.o
[ 80%] Building CXX object third_party/spirv-tools/source/opt/CMakeFiles/SPIRV-Tools-opt.dir/optimizer.cpp.o
[ 80%] Building CXX object third_party/spirv-tools/source/opt/CMakeFiles/SPIRV-Tools-opt.dir/pass.cpp.o
[ 80%] Building CXX object third_party/spirv-tools/source/opt/CMakeFiles/SPIRV-Tools-opt.dir/pass_manager.cpp.o
[ 81%] Building CXX object third_party/spirv-tools/source/opt/CMakeFiles/SPIRV-Tools-opt.dir/private_to_local_pass.cpp.o
[ 81%] Building CXX object third_party/spirv-tools/source/opt/CMakeFiles/SPIRV-Tools-opt.dir/propagator.cpp.o
[ 81%] Building CXX object third_party/spirv-tools/source/opt/CMakeFiles/SPIRV-Tools-opt.dir/reduce_load_size.cpp.o
[ 81%] Building CXX object third_party/spirv-tools/source/opt/CMakeFiles/SPIRV-Tools-opt.dir/redundancy_elimination.cpp.o
[ 83%] Building CXX object third_party/spirv-tools/source/opt/CMakeFiles/SPIRV-Tools-opt.dir/register_pressure.cpp.o
[ 83%] Building CXX object third_party/spirv-tools/source/opt/CMakeFiles/SPIRV-Tools-opt.dir/relax_float_ops_pass.cpp.o
[ 83%] Building CXX object third_party/spirv-tools/source/opt/CMakeFiles/SPIRV-Tools-opt.dir/remove_dontinline_pass.cpp.o
[ 83%] Building CXX object third_party/spirv-tools/source/opt/CMakeFiles/SPIRV-Tools-opt.dir/remove_duplicates_pass.cpp.o
[ 84%] Building CXX object third_party/spirv-tools/source/opt/CMakeFiles/SPIRV-Tools-opt.dir/remove_unused_interface_variables_pass.cpp.o
[ 84%] Building CXX object third_party/spirv-tools/source/opt/CMakeFiles/SPIRV-Tools-opt.dir/replace_desc_array_access_using_var_index.cpp.o
[ 84%] Building CXX object third_party/spirv-tools/source/opt/CMakeFiles/SPIRV-Tools-opt.dir/replace_invalid_opc.cpp.o
[ 84%] Building CXX object third_party/spirv-tools/source/opt/CMakeFiles/SPIRV-Tools-opt.dir/scalar_analysis.cpp.o
[ 86%] Building CXX object third_party/spirv-tools/source/opt/CMakeFiles/SPIRV-Tools-opt.dir/scalar_analysis_simplification.cpp.o
[ 86%] Building CXX object third_party/spirv-tools/source/opt/CMakeFiles/SPIRV-Tools-opt.dir/scalar_replacement_pass.cpp.o
[ 86%] Building CXX object third_party/spirv-tools/source/opt/CMakeFiles/SPIRV-Tools-opt.dir/set_spec_constant_default_value_pass.cpp.o
[ 86%] Building CXX object third_party/spirv-tools/source/opt/CMakeFiles/SPIRV-Tools-opt.dir/simplification_pass.cpp.o
[ 87%] Building CXX object third_party/spirv-tools/source/opt/CMakeFiles/SPIRV-Tools-opt.dir/spread_volatile_semantics.cpp.o
[ 87%] Building CXX object third_party/spirv-tools/source/opt/CMakeFiles/SPIRV-Tools-opt.dir/ssa_rewrite_pass.cpp.o
[ 87%] Building CXX object third_party/spirv-tools/source/opt/CMakeFiles/SPIRV-Tools-opt.dir/strength_reduction_pass.cpp.o
[ 87%] Building CXX object third_party/spirv-tools/source/opt/CMakeFiles/SPIRV-Tools-opt.dir/strip_debug_info_pass.cpp.o
[ 89%] Building CXX object third_party/spirv-tools/source/opt/CMakeFiles/SPIRV-Tools-opt.dir/strip_nonsemantic_info_pass.cpp.o
[ 89%] Building CXX object third_party/spirv-tools/source/opt/CMakeFiles/SPIRV-Tools-opt.dir/struct_cfg_analysis.cpp.o
[ 89%] Building CXX object third_party/spirv-tools/source/opt/CMakeFiles/SPIRV-Tools-opt.dir/trim_capabilities_pass.cpp.o
[ 89%] Building CXX object third_party/spirv-tools/source/opt/CMakeFiles/SPIRV-Tools-opt.dir/type_manager.cpp.o
[ 90%] Building CXX object third_party/spirv-tools/source/opt/CMakeFiles/SPIRV-Tools-opt.dir/types.cpp.o
[ 90%] Building CXX object third_party/spirv-tools/source/opt/CMakeFiles/SPIRV-Tools-opt.dir/unify_const_pass.cpp.o
[ 90%] Building CXX object third_party/spirv-tools/source/opt/CMakeFiles/SPIRV-Tools-opt.dir/upgrade_memory_model.cpp.o
[ 90%] Building CXX object third_party/spirv-tools/source/opt/CMakeFiles/SPIRV-Tools-opt.dir/value_number_table.cpp.o
[ 92%] Building CXX object third_party/spirv-tools/source/opt/CMakeFiles/SPIRV-Tools-opt.dir/vector_dce.cpp.o
[ 92%] Building CXX object third_party/spirv-tools/source/opt/CMakeFiles/SPIRV-Tools-opt.dir/workaround1209.cpp.o
[ 92%] Building CXX object third_party/spirv-tools/source/opt/CMakeFiles/SPIRV-Tools-opt.dir/wrap_opkill.cpp.o
[ 92%] Linking CXX static library libSPIRV-Tools-opt.a
[ 92%] Built target SPIRV-Tools-opt
[ 92%] Building CXX object third_party/glslang/SPIRV/CMakeFiles/SPIRV.dir/GlslangToSpv.cpp.o
[ 92%] Building CXX object third_party/glslang/SPIRV/CMakeFiles/SPIRV.dir/InReadableOrder.cpp.o
[ 92%] Building CXX object third_party/glslang/SPIRV/CMakeFiles/SPIRV.dir/Logger.cpp.o
[ 93%] Building CXX object third_party/glslang/SPIRV/CMakeFiles/SPIRV.dir/SpvBuilder.cpp.o
[ 93%] Building CXX object third_party/glslang/SPIRV/CMakeFiles/SPIRV.dir/SpvPostProcess.cpp.o
[ 93%] Building CXX object third_party/glslang/SPIRV/CMakeFiles/SPIRV.dir/doc.cpp.o
[ 93%] Building CXX object third_party/glslang/SPIRV/CMakeFiles/SPIRV.dir/SpvTools.cpp.o
[ 95%] Building CXX object third_party/glslang/SPIRV/CMakeFiles/SPIRV.dir/disassemble.cpp.o
[ 95%] Building CXX object third_party/glslang/SPIRV/CMakeFiles/SPIRV.dir/CInterface/spirv_c_interface.cpp.o
[ 95%] Linking CXX static library libSPIRV.a
[ 95%] Built target SPIRV
[ 95%] Building CXX object libshaderc_util/CMakeFiles/shaderc_util.dir/src/compiler.cc.o
[ 95%] Building CXX object libshaderc_util/CMakeFiles/shaderc_util.dir/src/args.cc.o
[ 95%] Building CXX object libshaderc_util/CMakeFiles/shaderc_util.dir/src/file_finder.cc.o
[ 96%] Building CXX object libshaderc_util/CMakeFiles/shaderc_util.dir/src/io_shaderc.cc.o
[ 96%] Building CXX object libshaderc_util/CMakeFiles/shaderc_util.dir/src/message.cc.o
[ 96%] Building CXX object libshaderc_util/CMakeFiles/shaderc_util.dir/src/resources.cc.o
[ 96%] Building CXX object libshaderc_util/CMakeFiles/shaderc_util.dir/src/shader_stage.cc.o
[ 98%] Building CXX object libshaderc_util/CMakeFiles/shaderc_util.dir/src/spirv_tools_wrapper.cc.o
[ 98%] Building CXX object libshaderc_util/CMakeFiles/shaderc_util.dir/src/version_profile.cc.o
[ 98%] Linking CXX static library libshaderc_util.a
[ 98%] Built target shaderc_util
[100%] Building CXX object libshaderc/CMakeFiles/shaderc.dir/src/shaderc.cc.o
[100%] Linking CXX static library libshaderc.a
[100%] Built target shaderc
[100%] Generating libshaderc_combined.a
[100%] Built target shaderc_combined_genfile
+ /tmp/cmake-3.31.6-linux-x86_64/bin/cmake -S /home/caelestia/Projects/Hazel/build/dependencies/sources/spirv-cross -B /home/caelestia/Projects/Hazel/build/dependencies/cmake/Release-linux-x86_64/spirv-cross -G Unix Makefiles -DCMAKE_BUILD_TYPE=Release -DCMAKE_POSITION_INDEPENDENT_CODE=ON -DCMAKE_MSVC_RUNTIME_LIBRARY=MultiThreaded$<$<CONFIG:Debug>:Debug>DLL -DSPIRV_CROSS_CLI=OFF -DSPIRV_CROSS_ENABLE_TESTS=OFF -DSPIRV_CROSS_SKIP_INSTALL=ON
CMake Deprecation Warning at CMakeLists.txt:22 (cmake_minimum_required):
  Compatibility with CMake < 3.10 will be removed from a future version of
  CMake.

  Update the VERSION argument <min> value.  Or, use the <min>...<max> syntax
  to tell CMake that the project requires at least <min> but has been updated
  to work with policies introduced by <max> or earlier.


-- The CXX compiler identification is GNU 16.2.1
-- The C compiler identification is GNU 16.2.1
-- Detecting CXX compiler ABI info
-- Detecting CXX compiler ABI info - done
-- Check for working CXX compiler: /usr/bin/c++ - skipped
-- Detecting CXX compile features
-- Detecting CXX compile features - done
-- Detecting C compiler ABI info
-- Detecting C compiler ABI info - done
-- Check for working C compiler: /usr/bin/cc - skipped
-- Detecting C compile features
-- Detecting C compile features - done
-- SPIRV-Cross: Finding Git version for SPIRV-Cross.
-- Found Git: /usr/bin/git (found version "2.56.0")
-- SPIRV-Cross: Git hash: 2de1265
-- Configuring done (1.2s)
-- Generating done (0.0s)
-- Build files have been written to: /home/caelestia/Projects/Hazel/build/dependencies/cmake/Release-linux-x86_64/spirv-cross
+ /tmp/cmake-3.31.6-linux-x86_64/bin/cmake --build /home/caelestia/Projects/Hazel/build/dependencies/cmake/Release-linux-x86_64/spirv-cross --config Release --target spirv-cross-glsl --parallel 2
[ 14%] Building CXX object CMakeFiles/spirv-cross-core.dir/spirv_cross.cpp.o
[ 28%] Building CXX object CMakeFiles/spirv-cross-core.dir/spirv_parser.cpp.o
[ 42%] Building CXX object CMakeFiles/spirv-cross-core.dir/spirv_cross_parsed_ir.cpp.o
[ 57%] Building CXX object CMakeFiles/spirv-cross-core.dir/spirv_cfg.cpp.o
[ 71%] Linking CXX static library libspirv-cross-core.a
[ 71%] Built target spirv-cross-core
[ 85%] Building CXX object CMakeFiles/spirv-cross-glsl.dir/spirv_glsl.cpp.o
[100%] Linking CXX static library libspirv-cross-glsl.a
[100%] Built target spirv-cross-glsl
Installed clean pinned shader tools: /home/caelestia/Projects/Hazel/build/dependencies/install/Release-linux-x86_64
