==== Building GLFW (debug) ====
==== Building Glad (debug) ====
==== Building ImGui (debug) ====
==== Building Hazel (debug) ====
Application.cpp
Buffer.cpp
OpenGLBuffer.cpp
OpenGLRendererAPI.cpp
OpenGLUniformBuffer.cpp
OpenGLVertexArray.cpp
RenderCommand.cpp
Renderer.cpp
Renderer2D.cpp
RendererAPI.cpp
Shader.cpp
Texture.cpp
UniformBuffer.cpp
VertexArray.cpp
Linking Hazel
==== Building Sandbox (debug) ====
==== Building MigrationRendererSmoke (debug) ====
Creating ../../bin-int/Debug-linux-x86_64/MigrationRendererSmoke
Creating ../../bin/Debug-linux-x86_64/MigrationRendererSmoke
RendererSmoke.cpp
Sandbox2D.cpp
SandboxApp.cpp
Linking MigrationRendererSmoke
Linking Sandbox
